<html>
<body>
<pre>
<h1>µVision Build Log</h1>
<h2>Tool Versions:</h2>
IDE-Version: µVision V5.22.0.0
Copyright (C) 2016 ARM Ltd and ARM Germany GmbH. All rights reserved.
License Information: jhg lhglg, hggggjg, LIC=9N001-C9Y7K-ILCCB-22STC-B0KQW-I3N2Z
 
Tool Versions:
Toolchain:       MDK-ARM Professional  Version: 5.22
Toolchain Path:  C:\Keil_v5\ARM\ARMCC\Bin
C Compiler:      Armcc.exe V5.06 update 4 (build 422)
Assembler:       Armasm.exe V5.06 update 4 (build 422)
Linker/Locator:  ArmLink.exe V5.06 update 4 (build 422)
Library Manager: ArmAr.exe V5.06 update 4 (build 422)
Hex Converter:   FromElf.exe V5.06 update 4 (build 422)
CPU DLL:         SARMCM3.DLL V5.22
Dialog DLL:      DCM.DLL V1.13.9.0
Target DLL:      STLink\ST-LINKIII-KEIL_SWO.dll V2.0.18.0
Dialog DLL:      TCM.DLL V1.21.0.0
 
<h2>Project:</h2>
C:\WORK\MC_PROJECTS\KEIL_TRY\CUBE_PRJ\pmi\testPeryph\pmi_psc_term\MDK-ARM\pmi_psc_term.uvprojx
Project File Date:  09/02/2020

<h2>Output:</h2>
*** Using Compiler 'V5.06 update 4 (build 422)', folder: 'C:\Keil_v5\ARM\ARMCC\Bin'
Build target 'pmi_psc_term'
compiling main.c...
../Inc/ltdc.h(21): warning:  #1-D: last line of file ends without a newline
  #endif /* __LTDC_H */
../Inc/MT48LC4M32B2.h(26): warning:  #1-D: last line of file ends without a newline
  #endif /* __MT48LC4M32B2_H */ 
../Src/main.c(137): warning:  #223-D: function "sprintf" declared implicitly
  		sprintf(str, "%s %d %c", "LAYER 0; i = ", i, 'h');
../Src/main.c(532): warning:  #1-D: last line of file ends without a newline
  #endif
../Src/main.c(33): warning:  #177-D: function "Fill_Buffer"  was declared but never referenced
  static void Fill_Buffer(uint32_t *pBuffer, uint32_t uwBufferLenght, uint32_t uwOffset)
../Src/main.c: 5 warnings, 0 errors
linking...
Program Size: Code=43596 RO-data=28776 RW-data=136 ZI-data=173384  
FromELF: creating hex file...
"pmi_psc_term\pmi_psc_term.axf" - 0 Error(s), 5 Warning(s).

<h2>Software Packages used:</h2>

Package Vendor: ARM
                http://www.keil.com/pack/ARM.CMSIS.5.0.0.pack
                ARM::CMSIS:CORE:5.0.0
                CMSIS (Cortex Microcontroller Software Interface Standard)
   * Component: CORE Version: 5.0.0

<h2>Collection of Component include folders:</h2>
  C:\WORK\MC_PROJECTS\KEIL_TRY\CUBE_PRJ\pmi\testPeryph\pmi_psc_term\MDK-ARM\RTE\_pmi_psc_term
  C:\Keil_v5\ARM\PACK\ARM\CMSIS\5.0.0\CMSIS\Include
  C:\Keil_v5\ARM\PACK\Keil\STM32F7xx_DFP\2.9.0\Drivers\CMSIS\Device\ST\STM32F7xx\Include

<h2>Collection of Component Files used:</h2>

   * Component: ARM::CMSIS:CORE:5.0.0
Build Time Elapsed:  00:00:04
</pre>
</body>
</html>
