Component: ARM Compiler 5.06 update 4 (build 422) Tool: armlink [4d35d2]

==============================================================================

Section Cross References

    startup_stm32f746xx.o(RESET) refers to startup_stm32f746xx.o(STACK) for __initial_sp
    startup_stm32f746xx.o(RESET) refers to startup_stm32f746xx.o(.text) for Reset_Handler
    startup_stm32f746xx.o(RESET) refers to stm32f7xx_it.o(i.NMI_Handler) for NMI_Handler
    startup_stm32f746xx.o(RESET) refers to stm32f7xx_it.o(i.HardFault_Handler) for HardFault_Handler
    startup_stm32f746xx.o(RESET) refers to stm32f7xx_it.o(i.MemManage_Handler) for MemManage_Handler
    startup_stm32f746xx.o(RESET) refers to stm32f7xx_it.o(i.BusFault_Handler) for BusFault_Handler
    startup_stm32f746xx.o(RESET) refers to stm32f7xx_it.o(i.UsageFault_Handler) for UsageFault_Handler
    startup_stm32f746xx.o(RESET) refers to stm32f7xx_it.o(i.SVC_Handler) for SVC_Handler
    startup_stm32f746xx.o(RESET) refers to stm32f7xx_it.o(i.DebugMon_Handler) for DebugMon_Handler
    startup_stm32f746xx.o(RESET) refers to stm32f7xx_it.o(i.PendSV_Handler) for PendSV_Handler
    startup_stm32f746xx.o(RESET) refers to stm32f7xx_it.o(i.SysTick_Handler) for SysTick_Handler
    startup_stm32f746xx.o(RESET) refers to stm32f7xx_it.o(i.FMC_IRQHandler) for FMC_IRQHandler
    startup_stm32f746xx.o(RESET) refers to stm32f7xx_it.o(i.LTDC_IRQHandler) for LTDC_IRQHandler
    startup_stm32f746xx.o(RESET) refers to stm32f7xx_it.o(i.LTDC_ER_IRQHandler) for LTDC_ER_IRQHandler
    startup_stm32f746xx.o(.text) refers to system_stm32f7xx.o(i.SystemInit) for SystemInit
    startup_stm32f746xx.o(.text) refers to entry.o(.ARM.Collect$$$$00000000) for __main
    main.o(i.MPU_Config) refers to stm32f7xx_hal_cortex.o(i.HAL_MPU_Disable) for HAL_MPU_Disable
    main.o(i.MPU_Config) refers to stm32f7xx_hal_cortex.o(i.HAL_MPU_ConfigRegion) for HAL_MPU_ConfigRegion
    main.o(i.MPU_Config) refers to stm32f7xx_hal_cortex.o(i.HAL_MPU_Enable) for HAL_MPU_Enable
    main.o(i.MX_FMC_Init) refers to memseta.o(.text) for __aeabi_memclr4
    main.o(i.MX_FMC_Init) refers to stm32f7xx_hal_sdram.o(i.HAL_SDRAM_Init) for HAL_SDRAM_Init
    main.o(i.MX_FMC_Init) refers to main.o(i.Error_Handler) for Error_Handler
    main.o(i.MX_FMC_Init) refers to main.o(.bss) for hsdram1
    main.o(i.MX_GPIO_Init) refers to memseta.o(.text) for __aeabi_memclr4
    main.o(i.MX_GPIO_Init) refers to stm32f7xx_hal_gpio.o(i.HAL_GPIO_WritePin) for HAL_GPIO_WritePin
    main.o(i.MX_GPIO_Init) refers to stm32f7xx_hal_gpio.o(i.HAL_GPIO_Init) for HAL_GPIO_Init
    main.o(i.SystemClock_Config) refers to memseta.o(.text) for __aeabi_memclr4
    main.o(i.SystemClock_Config) refers to stm32f7xx_hal_rcc.o(i.HAL_RCC_OscConfig) for HAL_RCC_OscConfig
    main.o(i.SystemClock_Config) refers to main.o(i.Error_Handler) for Error_Handler
    main.o(i.SystemClock_Config) refers to stm32f7xx_hal_rcc.o(i.HAL_RCC_ClockConfig) for HAL_RCC_ClockConfig
    main.o(i.SystemClock_Config) refers to stm32f7xx_hal_rcc_ex.o(i.HAL_RCCEx_PeriphCLKConfig) for HAL_RCCEx_PeriphCLKConfig
    main.o(i.main) refers to main.o(i.MPU_Config) for MPU_Config
    main.o(i.main) refers to main.o(i.SCB_EnableICache) for SCB_EnableICache
    main.o(i.main) refers to main.o(i.SCB_EnableDCache) for SCB_EnableDCache
    main.o(i.main) refers to stm32f7xx_hal.o(i.HAL_Init) for HAL_Init
    main.o(i.main) refers to main.o(i.SystemClock_Config) for SystemClock_Config
    main.o(i.main) refers to main.o(i.MX_GPIO_Init) for MX_GPIO_Init
    main.o(i.main) refers to main.o(i.MX_FMC_Init) for MX_FMC_Init
    main.o(i.main) refers to mt48lc4m32b2.o(i.MT48LC4M32B2_Init) for MT48LC4M32B2_Init
    main.o(i.main) refers to GUI_Core.o(.text.GUI_Init) for GUI_Init
    main.o(i.main) refers to WM_Lib.o(.text.WM_SetCreateFlags) for WM_SetCreateFlags
    main.o(i.main) refers to stm32f7xx_hal.o(i.HAL_Delay) for HAL_Delay
    main.o(i.main) refers to GUI_SelectLayer.o(.text.GUI_SelectLayer) for GUI_SelectLayer
    main.o(i.main) refers to GUI_Common.o(.text.GUI_SetBkColor) for GUI_SetBkColor
    main.o(i.main) refers to GUI_Core.o(.text.GUI_Clear) for GUI_Clear
    main.o(i.main) refers to GUI_Common.o(.text.GUI_SetColor) for GUI_SetColor
    main.o(i.main) refers to GUI_DispString.o(.text.GUI_DispStringHCenterAt) for GUI_DispStringHCenterAt
    main.o(i.main) refers to GUI_DrawLib.o(.text.GUI_FillRect) for GUI_FillRect
    main.o(i.main) refers to GUI_Common.o(.text.GUI_SetFont) for GUI_SetFont
    main.o(i.main) refers to GUI_Circ.o(.text.GUI_FillCircle) for GUI_FillCircle
    main.o(i.main) refers to memseta.o(.text) for __aeabi_memclr4
    main.o(i.main) refers to GUI_Time.o(.text.GUI_Delay) for GUI_Delay
    main.o(i.main) refers to printf3.o(i.__0sprintf$3) for __2sprintf
    main.o(i.main) refers to GUI_MULTIBUF.o(.text.GUI_MULTIBUF_BeginEx) for GUI_MULTIBUF_BeginEx
    main.o(i.main) refers to GUI_MULTIBUF.o(.text.GUI_MULTIBUF_EndEx) for GUI_MULTIBUF_EndEx
[...]
    WM_MoveWindow                            0x08004503   Thumb Code     4  WM_Move.o(.text.WM_MoveWindow)
    WM_NotifyParent                          0x08004507   Thumb Code    20  WM_Lib.o(.text.WM_NotifyParent)
    WM_OnKey                                 0x0800451d   Thumb Code    52  WM_Lib.o(.text.WM_OnKey)
    WM_ResizeWindow                          0x08004551   Thumb Code   246  WM_Lib.o(.text.WM_ResizeWindow)
    WM_SelectWindow                          0x08004649   Thumb Code    64  WM.o(.text.WM_SelectWindow)
    WM_SendMessageNoPara                     0x08004689   Thumb Code     4  WM_Lib.o(.text.WM_SendMessageNoPara)
    WM_SendToParent                          0x0800468d   Thumb Code    28  WM_Lib.o(.text.WM_SendToParent)
    WM_SetCreateFlags                        0x080046a9   Thumb Code    16  WM_Lib.o(.text.WM_SetCreateFlags)
    WM_SetDefault                            0x080046b9   Thumb Code    20  WM.o(.text.WM_SetDefault)
    WM_SetSize                               0x080046cd   Thumb Code    76  WM_Lib.o(.text.WM_SetSize)
    WM__ActivateClipRect                     0x08004719   Thumb Code    72  WM.o(.text.WM__ActivateClipRect)
    WM__AddCriticalHandle                    0x08004761   Thumb Code    16  WM__Private.o(.text.WM__AddCriticalHandle)
    WM__Client2Screen                        0x08004771   Thumb Code    16  WM.o(.text.WM__Client2Screen)
    WM__ClipAtParentBorders                  0x08004781   Thumb Code    88  WM.o(.text.WM__ClipAtParentBorders)
    WM__DeleteAssocTimer                     0x080047d9   Thumb Code    74  WM_Timer.o(.text.WM__DeleteAssocTimer)
    WM__DetachWindow                         0x08004823   Thumb Code    42  WM.o(.text.WM__DetachWindow)
    WM__GetClientRectEx                      0x0800484d   Thumb Code    34  WM__Private.o(.text.WM__GetClientRectEx)
    WM__GetClientRectWin                     0x0800486f   Thumb Code    24  WM.o(.text.WM__GetClientRectWin)
    WM__GetFirstSibling                      0x08004887   Thumb Code    18  WM__Private.o(.text.WM__GetFirstSibling)
    WM__GetNextIVR                           0x08004899   Thumb Code   388  WM.o(.text.WM__GetNextIVR)
    WM__GetPrevSibling                       0x08004a1d   Thumb Code    38  WM__Private.o(.text.WM__GetPrevSibling)
    WM__GetTopLevelLayer                     0x08004a45   Thumb Code    40  WM.o(.text.WM__GetTopLevelLayer)
    WM__InitIVRSearch                        0x08004a6d   Thumb Code   256  WM.o(.text.WM__InitIVRSearch)
    WM__InsertWindowIntoList                 0x08004b6d   Thumb Code   172  WM.o(.text.WM__InsertWindowIntoList)
    WM__Invalidate1Abs                       0x08004c19   Thumb Code     6  WM.o(.text.WM__Invalidate1Abs)
    WM__InvalidateDrawAndDescs               0x08004c21   Thumb Code    80  WM.o(.text.WM__InvalidateDrawAndDescs)
    WM__InvalidateParent                     0x08004c71   Thumb Code    42  WM.o(.text.WM__InvalidateParent)
    WM__InvalidateRect                       0x08004c9b   Thumb Code   118  WM.o(.text.WM__InvalidateRect)
    WM__InvalidateRectEx                     0x08004d11   Thumb Code     6  WM.o(.text.WM__InvalidateRectEx)
    WM__IsWindow                             0x08004d19   Thumb Code    32  WM.o(.text.WM__IsWindow)
    WM__MoveWindow                           0x08004d39   Thumb Code   168  WM_Move.o(.text.WM__MoveWindow)
    WM__Paint                                0x08004de1   Thumb Code   180  WM.o(.text.WM__Paint)
    WM__Paint1                               0x08004e95   Thumb Code   148  WM.o(.text.WM__Paint1)
    WM__RectIsNZ                             0x08004fa1   Thumb Code    34  WM.o(.text.WM__RectIsNZ)
    WM__RemoveWindowFromList                 0x08004fc3   Thumb Code    60  WM.o(.text.WM__RemoveWindowFromList)
    WM__SelectTopLevelLayer                  0x08004fff   Thumb Code    20  WM.o(.text.WM__SelectTopLevelLayer)
    WM__SendMessage                          0x08005015   Thumb Code    60  WM__Private.o(.text.WM__SendMessage)
    WM__SendMessageNoPara                    0x08005051   Thumb Code    40  WM__Private.o(.text.WM__SendMessageNoPara)
    WM__SendMsgNoData                        0x08005079   Thumb Code    22  WM.o(.text.WM__SendMsgNoData)
    WM__UpdateChildPositions                 0x0800508f   Thumb Code   236  WM__Private.o(.text.WM__UpdateChildPositions)
    emWin_LCD_Init                           0x080078fd   Thumb Code   164  LCD.o(.text.emWin_LCD_Init)
    BusFault_Handler                         0x080079a1   Thumb Code     4  stm32f7xx_it.o(i.BusFault_Handler)
    DebugMon_Handler                         0x08007cb9   Thumb Code     2  stm32f7xx_it.o(i.DebugMon_Handler)
    Error_Handler                            0x08007cbb   Thumb Code     2  main.o(i.Error_Handler)
    FMC_IRQHandler                           0x08007cbd   Thumb Code    10  stm32f7xx_it.o(i.FMC_IRQHandler)
    FMC_SDRAM_Init                           0x08007ccd   Thumb Code   116  stm32f7xx_ll_fmc.o(i.FMC_SDRAM_Init)
    FMC_SDRAM_ProgramRefreshRate             0x08007d41   Thumb Code    14  stm32f7xx_ll_fmc.o(i.FMC_SDRAM_ProgramRefreshRate)
    FMC_SDRAM_SendCommand                    0x08007d4f   Thumb Code    38  stm32f7xx_ll_fmc.o(i.FMC_SDRAM_SendCommand)
    FMC_SDRAM_Timing_Init                    0x08007d75   Thumb Code   152  stm32f7xx_ll_fmc.o(i.FMC_SDRAM_Timing_Init)
    GUI_X_Config                             0x08007e11   Thumb Code    14  guiconf.o(i.GUI_X_Config)
    GUI_X_Delay                              0x08007e25   Thumb Code    20  gui_x.o(i.GUI_X_Delay)
    GUI_X_GetTime                            0x08007e3d   Thumb Code     6  gui_x.o(i.GUI_X_GetTime)
    GUI_X_Init                               0x08007e49   Thumb Code     2  gui_x.o(i.GUI_X_Init)
    HAL_DMA2D_Init                           0x08007e81   Thumb Code    96  stm32f7xx_hal_dma2d.o(i.HAL_DMA2D_Init)
    HAL_DMA2D_MspInit                        0x08007ee1   Thumb Code    32  lcdconf.o(i.HAL_DMA2D_MspInit)
    HAL_Delay                                0x08007f05   Thumb Code    36  stm32f7xx_hal.o(i.HAL_Delay)
    HAL_GPIO_Init                            0x08008029   Thumb Code   484  stm32f7xx_hal_gpio.o(i.HAL_GPIO_Init)
    HAL_GPIO_WritePin                        0x08008241   Thumb Code    12  stm32f7xx_hal_gpio.o(i.HAL_GPIO_WritePin)
    HAL_GetTick                              0x0800824d   Thumb Code     6  stm32f7xx_hal.o(i.HAL_GetTick)
    HAL_IncTick                              0x08008259   Thumb Code    16  stm32f7xx_hal.o(i.HAL_IncTick)
    HAL_Init                                 0x08008271   Thumb Code    22  stm32f7xx_hal.o(i.HAL_Init)
    HAL_InitTick                             0x08008289   Thumb Code    64  stm32f7xx_hal.o(i.HAL_InitTick)
    HAL_LTDC_ConfigCLUT                      0x080082d5   Thumb Code   176  stm32f7xx_hal_ltdc.o(i.HAL_LTDC_ConfigCLUT)
    HAL_LTDC_ConfigColorKeying               0x08008385   Thumb Code    96  stm32f7xx_hal_ltdc.o(i.HAL_LTDC_ConfigColorKeying)
    HAL_LTDC_ConfigLayer                     0x080083e5   Thumb Code    94  stm32f7xx_hal_ltdc.o(i.HAL_LTDC_ConfigLayer)
    HAL_LTDC_DeInit                          0x08008443   Thumb Code    30  stm32f7xx_hal_ltdc.o(i.HAL_LTDC_DeInit)
    HAL_LTDC_DisableColorKeying              0x08008461   Thumb Code    76  stm32f7xx_hal_ltdc.o(i.HAL_LTDC_DisableColorKeying)
    HAL_LTDC_EnableCLUT                      0x080084ad   Thumb Code    76  stm32f7xx_hal_ltdc.o(i.HAL_LTDC_EnableCLUT)
    HAL_LTDC_EnableColorKeying               0x080084f9   Thumb Code    76  stm32f7xx_hal_ltdc.o(i.HAL_LTDC_EnableColorKeying)
    HAL_LTDC_EnableDither                    0x08008545   Thumb Code    62  stm32f7xx_hal_ltdc.o(i.HAL_LTDC_EnableDither)
    HAL_LTDC_ErrorCallback                   0x08008589   Thumb Code     2  stm32f7xx_hal_ltdc.o(i.HAL_LTDC_ErrorCallback)
    HAL_LTDC_IRQHandler                      0x0800858b   Thumb Code   244  stm32f7xx_hal_ltdc.o(i.HAL_LTDC_IRQHandler)
    HAL_LTDC_Init                            0x08008681   Thumb Code   274  stm32f7xx_hal_ltdc.o(i.HAL_LTDC_Init)
    HAL_LTDC_LineEventCallback               0x08008799   Thumb Code   158  lcdconf.o(i.HAL_LTDC_LineEventCallback)
    HAL_LTDC_MspDeInit                       0x0800883d   Thumb Code    24  lcdconf.o(i.HAL_LTDC_MspDeInit)
    HAL_LTDC_MspInit                         0x08008859   Thumb Code   496  lcdconf.o(i.HAL_LTDC_MspInit)
    HAL_LTDC_ProgramLineEvent                0x08008a69   Thumb Code    78  stm32f7xx_hal_ltdc.o(i.HAL_LTDC_ProgramLineEvent)
    HAL_LTDC_ReloadEventCallback             0x08008abd   Thumb Code     2  stm32f7xx_hal_ltdc.o(i.HAL_LTDC_ReloadEventCallback)
    HAL_LTDC_SetAddress                      0x08008abf   Thumb Code    92  stm32f7xx_hal_ltdc.o(i.HAL_LTDC_SetAddress)
    HAL_LTDC_SetAlpha                        0x08008b1b   Thumb Code    92  stm32f7xx_hal_ltdc.o(i.HAL_LTDC_SetAlpha)
    HAL_LTDC_SetWindowPosition               0x08008b77   Thumb Code   108  stm32f7xx_hal_ltdc.o(i.HAL_LTDC_SetWindowPosition)
    HAL_MPU_ConfigRegion                     0x08008be5   Thumb Code    88  stm32f7xx_hal_cortex.o(i.HAL_MPU_ConfigRegion)
    HAL_MPU_Disable                          0x08008c41   Thumb Code    38  stm32f7xx_hal_cortex.o(i.HAL_MPU_Disable)
    HAL_MPU_Enable                           0x08008c6d   Thumb Code    58  stm32f7xx_hal_cortex.o(i.HAL_MPU_Enable)
    HAL_MspInit                              0x08008cad   Thumb Code    60  stm32f7xx_hal_msp.o(i.HAL_MspInit)
    HAL_NVIC_EnableIRQ                       0x08008ced   Thumb Code    32  stm32f7xx_hal_cortex.o(i.HAL_NVIC_EnableIRQ)
    HAL_NVIC_SetPriority                     0x08008d0d   Thumb Code   124  stm32f7xx_hal_cortex.o(i.HAL_NVIC_SetPriority)
    HAL_NVIC_SetPriorityGrouping             0x08008d89   Thumb Code    32  stm32f7xx_hal_cortex.o(i.HAL_NVIC_SetPriorityGrouping)
    HAL_RCCEx_PeriphCLKConfig                0x08008db1   Thumb Code  1756  stm32f7xx_hal_rcc_ex.o(i.HAL_RCCEx_PeriphCLKConfig)
    HAL_RCC_ClockConfig                      0x08009491   Thumb Code   382  stm32f7xx_hal_rcc.o(i.HAL_RCC_ClockConfig)
    HAL_RCC_GetSysClockFreq                  0x08009621   Thumb Code   162  stm32f7xx_hal_rcc.o(i.HAL_RCC_GetSysClockFreq)
    HAL_RCC_OscConfig                        0x080096cd   Thumb Code  1200  stm32f7xx_hal_rcc.o(i.HAL_RCC_OscConfig)
    HAL_SDRAM_IRQHandler                     0x08009b81   Thumb Code    34  stm32f7xx_hal_sdram.o(i.HAL_SDRAM_IRQHandler)
    HAL_SDRAM_Init                           0x08009ba3   Thumb Code    64  stm32f7xx_hal_sdram.o(i.HAL_SDRAM_Init)
    HAL_SDRAM_MspInit                        0x08009be3   Thumb Code    10  stm32f7xx_hal_msp.o(i.HAL_SDRAM_MspInit)
    HAL_SDRAM_ProgramRefreshRate             0x08009bed   Thumb Code    40  stm32f7xx_hal_sdram.o(i.HAL_SDRAM_ProgramRefreshRate)
    HAL_SDRAM_RefreshErrorCallback           0x08009c15   Thumb Code     2  stm32f7xx_hal_sdram.o(i.HAL_SDRAM_RefreshErrorCallback)
    HAL_SDRAM_SendCommand                    0x08009c17   Thumb Code    58  stm32f7xx_hal_sdram.o(i.HAL_SDRAM_SendCommand)
    HAL_SYSTICK_Config                       0x08009c51   Thumb Code    52  stm32f7xx_hal_cortex.o(i.HAL_SYSTICK_Config)
    HardFault_Handler                        0x08009c85   Thumb Code     4  stm32f7xx_it.o(i.HardFault_Handler)
    LCD_X_Config                             0x08009db9   Thumb Code   236  lcdconf.o(i.LCD_X_Config)
    LCD_X_DisplayDriver                      0x08009ec5   Thumb Code   386  lcdconf.o(i.LCD_X_DisplayDriver)
    LTDC_ER_IRQHandler                       0x0800a051   Thumb Code    10  stm32f7xx_it.o(i.LTDC_ER_IRQHandler)
    LTDC_IRQHandler                          0x0800a061   Thumb Code    10  stm32f7xx_it.o(i.LTDC_IRQHandler)
    MT48LC4M32B2_Init                        0x0800a2e1   Thumb Code   172  mt48lc4m32b2.o(i.MT48LC4M32B2_Init)
    MemManage_Handler                        0x0800a545   Thumb Code     4  stm32f7xx_it.o(i.MemManage_Handler)
    NMI_Handler                              0x0800a549   Thumb Code     2  stm32f7xx_it.o(i.NMI_Handler)
    PendSV_Handler                           0x0800a54b   Thumb Code     2  stm32f7xx_it.o(i.PendSV_Handler)
    SVC_Handler                              0x0800a665   Thumb Code     2  stm32f7xx_it.o(i.SVC_Handler)
    SysTick_Handler                          0x0800a669   Thumb Code    18  stm32f7xx_it.o(i.SysTick_Handler)
    SystemClock_Config                       0x0800a681   Thumb Code   210  main.o(i.SystemClock_Config)
    SystemInit                               0x0800a75d   Thumb Code    82  system_stm32f7xx.o(i.SystemInit)
    UsageFault_Handler                       0x0800a7c1   Thumb Code     4  stm32f7xx_it.o(i.UsageFault_Handler)
    __0sprintf$3                             0x0800a7c5   Thumb Code    34  printf3.o(i.__0sprintf$3)
    __1sprintf$3                             0x0800a7c5   Thumb Code     0  printf3.o(i.__0sprintf$3)
    __2sprintf                               0x0800a7c5   Thumb Code     0  printf3.o(i.__0sprintf$3)
    __scatterload_copy                       0x0800a825   Thumb Code    14  handlers.o(i.__scatterload_copy)
    __scatterload_null                       0x0800a833   Thumb Code     2  handlers.o(i.__scatterload_null)
    __scatterload_zeroinit                   0x0800a835   Thumb Code    14  handlers.o(i.__scatterload_zeroinit)
    main                                     0x0800aa09   Thumb Code   458  main.o(i.main)
    AHBPrescTable                            0x0800ac14   Data          16  system_stm32f7xx.o(.constdata)
    APBPrescTable                            0x0800ac24   Data           8  system_stm32f7xx.o(.constdata)
    LCD_API_ColorConv_M8888I                 0x0800ac2c   Data          24  GUICC_M8888I.o(.rodata)
    GUIDRV_Lin_32_API                        0x0800ac68   Data          52  GUIDRV_Lin_32.o(.rodata)
    GUI_Font24B_1                            0x0800ac9c   Data          36  F24B_1.o(.rodata)
    GUI_Font32B_1                            0x0800c034   Data          36  F32B_1.o(.rodata)
    GUI_UC_None                              0x0800dfe4   Data          16  GUI_UC_EncodeNone.o(.rodata)
    LCD_aMirror                              0x0800dff4   Data         256  LCD_Mirror.o(.rodata)
    GUI_Font24B_ASCII                        0x0800e0f4   Data          36  F24B_ASCII.o(.rodata)
    GUI_Font24B_ASCII_Prop1                  0x0800e118   Data          12  F24B_ASCII.o(.rodata)
    GUI_Font24B_ASCII_CharInfo               0x0800e124   Data         760  F24B_ASCII.o(.rodata)
    GUI_Font32B_ASCII                        0x0800f3f4   Data          36  F32B_ASCII.o(.rodata)
    GUI_Font32B_ASCII_Prop1                  0x0800f418   Data          12  F32B_ASCII.o(.rodata)
    GUI_Font32B_ASCII_CharInfo               0x0800f424   Data         760  F32B_ASCII.o(.rodata)
    GUI_Font6x9                              0x0801129c   Data          36  F6x8.o(.rodata)
    GUI_Font6x8                              0x080112c0   Data          36  F6x8.o(.rodata)
    GUI_MEMDEV_DEVICE_32                     0x080119d8   Data          52  GUIDEV_32.o(.rodata)
    LCD_API_ColorConv_0                      0x08011a4c   Data          24  GUICC_0.o(.rodata)
    LCD_API_ColorConv_8888                   0x08011a64   Data          24  GUICC_8888.o(.rodata)
    Region$$Table$$Base                      0x08011a94   Number         0  anon$$obj.o(Region$$Table)
    Region$$Table$$Limit                     0x08011ab4   Number         0  anon$$obj.o(Region$$Table)
    GUI_Initialized                          0x20000000   Data           1  main.o(.data)
    uwIndex                                  0x20000004   Data           4  main.o(.data)
    hal_stat                                 0x20000010   Data           1  mt48lc4m32b2.o(.data)
    uwTick                                   0x20000014   Data           4  stm32f7xx_hal.o(.data)
    uwTickPrio                               0x20000018   Data           4  stm32f7xx_hal.o(.data)
    uwTickFreq                               0x2000001c   Data           1  stm32f7xx_hal.o(.data)
    SystemCoreClock                          0x20000020   Data           4  system_stm32f7xx.o(.data)
    OS_TimeMS                                0x20000024   Data           4  gui_x.o(.data)
    GUI_pfGetpPalConvTable                   0x20000034   Data           4  GUI_Core.o(.data)
    GUI__pFontDefault                        0x20000038   Data           4  GUI_Core.o(.data)
    GUI__ColorDefault                        0x2000003c   Data           4  GUI_Core.o(.data)
    GUI_pContext                             0x20000040   Data           4  GUI_Core.o(.data)
    LCD__pSetColorAPI                        0x20000048   Data           4  LCD.o(.data)
    GUI_CharLine_pfLog2Vis                   0x2000004c   Data           4  GUI_CharLine.o(.data)
    GUI__pfMemcpy                            0x20000058   Data           4  GUI__Private.o(.data)
    GUI__pfMemset                            0x2000005c   Data           4  GUI__Private.o(.data)
    GUI__pfMixColors                         0x20000064   Data           4  GUI__Alpha.o(.data)
    GUI__pfMixColorsBulk                     0x20000068   Data           4  GUI__Alpha.o(.data)
    LCD_AA_pfMixColors16                     0x2000006c   Data           4  LCD_AA.o(.data)
    hsdram1                                  0x20000088   Data          52  main.o(.bss)
    aTxBuffer                                0x200000bc   Data        1024  main.o(.bss)
    aRxBuffer                                0x200004bc   Data        1024  main.o(.bss)
    command                                  0x200008bc   Data          16  mt48lc4m32b2.o(.bss)
    aMemory                                  0x200008cc   Data       153600  guiconf.o(.bss)
    hltdc                                    0x200260cc   Data         168  lcdconf.o(.bss)
    GUI__BkColorDefault                      0x20026270   Data           4  GUI_Core.o(.bss)
    GUI_AA__ClipX0                           0x2002643c   Data           4  anon$$obj.o(GUI_AA__ClipX0)
    GUI_ALLOC__Context                       0x20026440   Data         192  anon$$obj.o(GUI_ALLOC__Context)
    GUI_DCACHE__pfClearCacheHook             0x20026500   Data           4  anon$$obj.o(GUI_DCACHE__pfClearCacheHook)
    GUI_DecChar                              0x20026504   Data           1  anon$$obj.o(GUI_DecChar)
    GUI_OrgX                                 0x20026506   Data           2  anon$$obj.o(GUI_OrgX)
    GUI_OrgY                                 0x20026508   Data           2  anon$$obj.o(GUI_OrgY)
    GUI__BufferSize                          0x2002650c   Data           4  anon$$obj.o(GUI__BufferSize)
    GUI__IsInitialized                       0x20026510   Data           1  anon$$obj.o(GUI__IsInitialized)
    GUI__LayerMask                           0x20026514   Data           4  anon$$obj.o(GUI__LayerMask)
    GUI__NumLayersInUse                      0x20026518   Data           1  anon$$obj.o(GUI__NumLayersInUse)
    GUI__PreserveTrans                       0x20026519   Data           1  anon$$obj.o(GUI__PreserveTrans)
    GUI__aNumBuffers                         0x2002651a   Data           2  anon$$obj.o(GUI__aNumBuffers)
    GUI__apDevice                            0x2002651c   Data           8  anon$$obj.o(GUI__apDevice)
    GUI_pLCD_APIList                         0x20026524   Data           4  anon$$obj.o(GUI_pLCD_APIList)
    GUI_pUC_API                              0x20026528   Data           4  anon$$obj.o(GUI_pUC_API)
    GUI_pfDispCharLine                       0x2002652c   Data           4  anon$$obj.o(GUI_pfDispCharLine)
    GUI_pfDispCharStyle                      0x20026530   Data           4  anon$$obj.o(GUI_pfDispCharStyle)
    GUI_pfExecAnimations                     0x20026534   Data           4  anon$$obj.o(GUI_pfExecAnimations)
    GUI_pfTimerExec                          0x20026538   Data           4  anon$$obj.o(GUI_pfTimerExec)
    GUI_pfUpdateSoftLayer                    0x2002653c   Data           4  anon$$obj.o(GUI_pfUpdateSoftLayer)
    LCD__aConvTable                          0x20026540   Data           4  anon$$obj.o(LCD__aConvTable)
    WM_MULTIBUF__pAPI                        0x2002a548   Data           4  anon$$obj.o(WM_MULTIBUF__pAPI)
    __initial_sp                             0x2002a548   Data           0  startup_stm32f746xx.o(STACK)
    WM__CreateFlags                          0x2002a54c   Data           4  anon$$obj.o(WM__CreateFlags)
    WM__FirstWin                             0x2002a550   Data           4  anon$$obj.o(WM__FirstWin)
    WM__InvalidLayerMask                     0x2002a554   Data           4  anon$$obj.o(WM__InvalidLayerMask)
    WM__NumInvalidWindows                    0x2002a558   Data           2  anon$$obj.o(WM__NumInvalidWindows)
    WM__NumWindows                           0x2002a55a   Data           2  anon$$obj.o(WM__NumWindows)
    WM__PaintCallbackCnt                     0x2002a55c   Data           1  anon$$obj.o(WM__PaintCallbackCnt)
    WM__TouchedLayer                         0x2002a560   Data           4  anon$$obj.o(WM__TouchedLayer)
    WM__TransWindowCnt                       0x2002a564   Data           4  anon$$obj.o(WM__TransWindowCnt)
    WM__aBkColor                             0x2002a568   Data           8  anon$$obj.o(WM__aBkColor)
    WM__aCHWinLast                           0x2002a570   Data          16  anon$$obj.o(WM__aCHWinLast)
    WM__aCHWinModal                          0x2002a580   Data          16  anon$$obj.o(WM__aCHWinModal)
    WM__aCHWinMouseOver                      0x2002a590   Data          16  anon$$obj.o(WM__aCHWinMouseOver)
    WM__ahCapture                            0x2002a5a0   Data           8  anon$$obj.o(WM__ahCapture)
    WM__ahDesktopWin                         0x2002a5a8   Data           8  anon$$obj.o(WM__ahDesktopWin)
    WM__ahWinFocus                           0x2002a5b0   Data           8  anon$$obj.o(WM__ahWinFocus)
    WM__hATransWindow                        0x2002a5b8   Data           4  anon$$obj.o(WM__hATransWindow)
    WM__hCreateStatic                        0x2002a5bc   Data           4  anon$$obj.o(WM__hCreateStatic)
    WM__pExecGestures                        0x2002a5c0   Data           4  anon$$obj.o(WM__pExecGestures)
    WM__pFirstCriticalHandle                 0x2002a5c4   Data           4  anon$$obj.o(WM__pFirstCriticalHandle)
    WM_pfHandlePID                           0x2002a5c8   Data           4  anon$$obj.o(WM_pfHandlePID)
    WM_pfPollPID                             0x2002a5cc   Data           4  anon$$obj.o(WM_pfPollPID)



==============================================================================

Memory Map of the image

  Image Entry point : 0x080001c9

  Load Region LR_IROM1 (Base: 0x08000000, Size: 0x00011b3c, Max: 0x00100000, ABSOLUTE)

    Execution Region ER_IROM1 (Base: 0x08000000, Size: 0x00011ab4, Max: 0x00100000, ABSOLUTE)

    Base Addr    Size         Type   Attr      Idx    E Section Name        Object

    0x08000000   0x000001c8   Data   RO            3    RESET               startup_stm32f746xx.o
    0x080001c8   0x00000000   Code   RO         4445  * .ARM.Collect$$$$00000000  mc_w.l(entry.o)
    0x080001c8   0x00000004   Code   RO         4733    .ARM.Collect$$$$00000001  mc_w.l(entry2.o)
    0x080001cc   0x00000004   Code   RO         4736    .ARM.Collect$$$$00000004  mc_w.l(entry5.o)
    0x080001d0   0x00000000   Code   RO         4738    .ARM.Collect$$$$00000008  mc_w.l(entry7b.o)
    0x080001d0   0x00000000   Code   RO         4740    .ARM.Collect$$$$0000000A  mc_w.l(entry8b.o)
    0x080001d0   0x00000008   Code   RO         4741    .ARM.Collect$$$$0000000B  mc_w.l(entry9a.o)
    0x080001d8   0x00000000   Code   RO         4743    .ARM.Collect$$$$0000000D  mc_w.l(entry10a.o)
    0x080001d8   0x00000000   Code   RO         4745    .ARM.Collect$$$$0000000F  mc_w.l(entry11a.o)
    0x080001d8   0x00000004   Code   RO         4734    .ARM.Collect$$$$00002712  mc_w.l(entry2.o)
    0x080001dc   0x00000024   Code   RO            4    .text               startup_stm32f746xx.o
    0x08000200   0x00000062   Code   RO         4448    .text               mc_w.l(uldiv.o)
    0x08000262   0x00000042   Code   RO         4454    .text               mc_w.l(memmove.o)
    0x080002a4   0x00000024   Code   RO         4458    .text               mc_w.l(memseta.o)
    0x080002c8   0x0000002c   Code   RO         4750    .text               mc_w.l(uidiv.o)
    0x080002f4   0x0000001e   Code   RO         4752    .text               mc_w.l(llshl.o)
    0x08000312   0x00000020   Code   RO         4754    .text               mc_w.l(llushr.o)
    0x08000332   0x00000002   PAD
    0x08000334   0x00000024   Code   RO         4767    .text               mc_w.l(init.o)
    0x08000358   0x000000c0   Code   RO         3282    .text.GL_FillCircle  STemWin_CM7_wc16.a(GUI_Circ.o)
    0x08000418   0x00000048   Code   RO         3372    .text.GL_SetDefault  STemWin_CM7_wc16.a(GUI_Common.o)
    0x08000460   0x0000013c   Code   RO         4059    .text.GUIMONO_DispChar  STemWin_CM7_wc16.a(GUI_CharM.o)
    0x0800059c   0x00000018   Code   RO         4060    .text.GUIMONO_GetCharDistX  STemWin_CM7_wc16.a(GUI_CharM.o)
    0x080005b4   0x00000006   Code   RO         4061    .text.GUIMONO_GetFontInfo  STemWin_CM7_wc16.a(GUI_CharM.o)
    0x080005ba   0x00000036   Code   RO         4062    .text.GUIMONO_IsInFont  STemWin_CM7_wc16.a(GUI_CharM.o)
    0x080005f0   0x000000ec   Code   RO         3759    .text.GUIPROP_DispChar  STemWin_CM7_wc16.a(GUI_CharP.o)
    0x080006dc   0x0000003c   Code   RO         3760    .text.GUIPROP_GetCharDistX  STemWin_CM7_wc16.a(GUI_CharP.o)
    0x08000718   0x00000006   Code   RO         3761    .text.GUIPROP_GetFontInfo  STemWin_CM7_wc16.a(GUI_CharP.o)
    0x0800071e   0x00000010   Code   RO         3762    .text.GUIPROP_IsInFont  STemWin_CM7_wc16.a(GUI_CharP.o)
    0x0800072e   0x00000014   Code   RO         3758    .text.GUIPROP__FindChar  STemWin_CM7_wc16.a(GUI_CharP.o)
    0x08000742   0x00000008   Code   RO         3269    .text.GUI_ALLOC_AllocNoInit  STemWin_CM7_wc16.a(GUI_Alloc.o)
    0x0800074a   0x00000002   PAD
    0x0800074c   0x00000030   Code   RO         3274    .text.GUI_ALLOC_AllocZero  STemWin_CM7_wc16.a(GUI_Alloc.o)
    0x0800077c   0x00000010   Code   RO         3259    .text.GUI_ALLOC_AssignMemory  STemWin_CM7_wc16.a(GUI_Alloc.o)
    0x0800078c   0x00000028   Code   RO         3262    .text.GUI_ALLOC_Free  STemWin_CM7_wc16.a(GUI_Alloc.o)
    0x080007b4   0x00000014   Code   RO         3246    .text.GUI_ALLOC_FreeFixedBlock  STemWin_CM7_wc16.a(GUI_Alloc.o)
    0x080007c8   0x000000a4   Code   RO         3265    .text.GUI_ALLOC_GetFixedBlock  STemWin_CM7_wc16.a(GUI_Alloc.o)
    0x0800086c   0x0000003c   Code   RO         3266    .text.GUI_ALLOC_GetMaxSize  STemWin_CM7_wc16.a(GUI_Alloc.o)
    0x080008a8   0x0000001c   Code   RO         3248    .text.GUI_ALLOC_LockH  STemWin_CM7_wc16.a(GUI_Alloc.o)
    0x080008c4   0x00000028   Code   RO         3267    .text.GUI_ALLOC_RequestSize  STemWin_CM7_wc16.a(GUI_Alloc.o)
    0x080008ec   0x00000030   Code   RO         3249    .text.GUI_ALLOC_UnlockH  STemWin_CM7_wc16.a(GUI_Alloc.o)
    0x0800091c   0x00000014   Code   RO         3247    .text.GUI_ALLOC_h2p  STemWin_CM7_wc16.a(GUI_Alloc.o)
    0x08000930   0x0000004e   Code   RO         3302    .text.GUI_CalcColorDist  STemWin_CM7_wc16.a(GUI_Common.o)
    0x0800097e   0x00000002   PAD
    0x08000980   0x00000020   Code   RO         3392    .text.GUI_Clear     STemWin_CM7_wc16.a(GUI_Core.o)
    0x080009a0   0x00000064   Code   RO         3390    .text.GUI_ClearRect  STemWin_CM7_wc16.a(GUI_Core.o)
    0x08000a04   0x00000024   Code   RO         3402    .text.GUI_DCACHE_Clear  STemWin_CM7_wc16.a(GUI_Core.o)
    0x08000a28   0x0000004c   Code   RO         3413    .text.GUI_DEVICE_Create  STemWin_CM7_wc16.a(GUI_Device.o)
    0x08000a74   0x00000028   Code   RO         3416    .text.GUI_DEVICE_CreateAndLink  STemWin_CM7_wc16.a(GUI_Device.o)
    0x08000a9c   0x00000004   Code   RO         3412    .text.GUI_DEVICE_Delete  STemWin_CM7_wc16.a(GUI_Device.o)
    0x08000aa0   0x00000084   Code   RO         3415    .text.GUI_DEVICE_Link  STemWin_CM7_wc16.a(GUI_Device.o)
    0x08000b24   0x00000030   Code   RO         3414    .text.GUI_DEVICE_Unlink  STemWin_CM7_wc16.a(GUI_Device.o)
    0x08000b54   0x00000020   Code   RO         3411    .text.GUI_DEVICE__GetpDriver  STemWin_CM7_wc16.a(GUI_Device.o)
    0x08000b74   0x00000030   Code   RO         3490    .text.GUI_Delay     STemWin_CM7_wc16.a(GUI_Time.o)
    0x08000ba4   0x00000118   Code   RO         3422    .text.GUI_DispString  STemWin_CM7_wc16.a(GUI_DispString.o)
    0x08000cbc   0x00000010   Code   RO         3423    .text.GUI_DispStringAt  STemWin_CM7_wc16.a(GUI_DispString.o)
    0x08000ccc   0x00000034   Code   RO         3425    .text.GUI_DispStringHCenterAt  STemWin_CM7_wc16.a(GUI_DispString.o)
    0x08000d00   0x00000012   Code   RO         3336    .text.GUI_Exec      STemWin_CM7_wc16.a(GUI_Common.o)
    0x08000d12   0x00000002   PAD
    0x08000d14   0x00000040   Code   RO         3335    .text.GUI_Exec1     STemWin_CM7_wc16.a(GUI_Common.o)
    0x08000d54   0x0000003c   Code   RO         3283    .text.GUI_FillCircle  STemWin_CM7_wc16.a(GUI_Circ.o)
    0x08000d90   0x00000044   Code   RO         3446    .text.GUI_FillRect  STemWin_CM7_wc16.a(GUI_DrawLib.o)
    0x08000dd4   0x00000014   Code   RO         3541    .text.GUI_GetBitsPerPixelEx  STemWin_CM7_wc16.a(LCD_GetEx.o)
    0x08000de8   0x0000000e   Code   RO         3314    .text.GUI_GetBkColor  STemWin_CM7_wc16.a(GUI_Common.o)
    0x08000df6   0x00000002   PAD
    0x08000df8   0x00000010   Code   RO         3744    .text.GUI_GetCharDistX  STemWin_CM7_wc16.a(GUI_Char.o)
    0x08000e08   0x00000010   Code   RO         3745    .text.GUI_GetCharDistXEx  STemWin_CM7_wc16.a(GUI_Char.o)
    0x08000e18   0x0000000e   Code   RO         3316    .text.GUI_GetColor  STemWin_CM7_wc16.a(GUI_Common.o)
    0x08000e26   0x00000002   PAD
    0x08000e28   0x0000000c   Code   RO         3319    .text.GUI_GetDrawMode  STemWin_CM7_wc16.a(GUI_Common.o)
    0x08000e34   0x00000010   Code   RO         3741    .text.GUI_GetFontDistY  STemWin_CM7_wc16.a(GUI_Char.o)
    0x08000e44   0x00000014   Code   RO         3477    .text.GUI_GetLayerPosEx  STemWin_CM7_wc16.a(GUI_SelectLayer.o)
    0x08000e58   0x0000001c   Code   RO         3325    .text.GUI_GetOrg    STemWin_CM7_wc16.a(GUI_Common.o)
    0x08000e74   0x00000018   Code   RO         3329    .text.GUI_GetVersionString  STemWin_CM7_wc16.a(GUI_Common.o)
    0x08000e8c   0x00000030   Code   RO         3740    .text.GUI_GetYAdjust  STemWin_CM7_wc16.a(GUI_Char.o)
    0x08000ebc   0x00000010   Code   RO         3548    .text.GUI_GetpfColor2IndexEx  STemWin_CM7_wc16.a(LCD_GetEx.o)
    0x08000ecc   0x00000010   Code   RO         3546    .text.GUI_GetpfIndex2ColorEx  STemWin_CM7_wc16.a(LCD_GetEx.o)
    0x08000edc   0x00000010   Code   RO         3342    .text.GUI_GotoXY    STemWin_CM7_wc16.a(GUI_Common.o)
    0x08000eec   0x00000188   Code   RO         3394    .text.GUI_Init      STemWin_CM7_wc16.a(GUI_Core.o)
    0x08001074   0x00000040   Code   RO         4296    .text.GUI_MEMDEV_Clear  STemWin_CM7_wc16.a(GUIDEV_Clear.o)
    0x080010b4   0x0000000c   Code   RO         4149    .text.GUI_MEMDEV_CopyToLCD  STemWin_CM7_wc16.a(GUIDEV.o)
    0x080010c0   0x000000a8   Code   RO         4148    .text.GUI_MEMDEV_CopyToLCDAt  STemWin_CM7_wc16.a(GUIDEV.o)
    0x08001168   0x00000078   Code   RO         4145    .text.GUI_MEMDEV_CreateEx  STemWin_CM7_wc16.a(GUIDEV.o)
    0x080011e0   0x00000044   Code   RO         4144    .text.GUI_MEMDEV_Delete  STemWin_CM7_wc16.a(GUIDEV.o)
    0x08001224   0x0000015c   Code   RO         4155    .text.GUI_MEMDEV_Draw  STemWin_CM7_wc16.a(GUIDEV_Banding.o)
    0x08001380   0x0000002a   Code   RO         4143    .text.GUI_MEMDEV_GetBitsPerPixel  STemWin_CM7_wc16.a(GUIDEV.o)
    0x080013aa   0x00000020   Code   RO         4305    .text.GUI_MEMDEV_GetDataPtr  STemWin_CM7_wc16.a(GUIDEV_GetDataPtr.o)
    0x080013ca   0x00000002   PAD
    0x080013cc   0x00000030   Code   RO         4318    .text.GUI_MEMDEV_GetYSize  STemWin_CM7_wc16.a(GUIDEV_GetYSize.o)
    0x080013fc   0x0000001c   Code   RO         4161    .text.GUI_MEMDEV_Paint1Static  STemWin_CM7_wc16.a(GUIDEV_StaticDevices.o)
    0x08001418   0x0000002c   Code   RO         4322    .text.GUI_MEMDEV_ReduceYSize  STemWin_CM7_wc16.a(GUIDEV_ReduceYSize.o)
    0x08001444   0x0000004c   Code   RO         4147    .text.GUI_MEMDEV_Select  STemWin_CM7_wc16.a(GUIDEV.o)
    0x08001490   0x00000058   Code   RO         4326    .text.GUI_MEMDEV_SetOrg  STemWin_CM7_wc16.a(GUIDEV_SetOrg.o)
    0x080014e8   0x0000000c   Code   RO         4341    .text.GUI_MEMDEV_Write  STemWin_CM7_wc16.a(GUIDEV_Write.o)
    0x080014f4   0x00000064   Code   RO         4340    .text.GUI_MEMDEV_WriteAt  STemWin_CM7_wc16.a(GUIDEV_Write.o)
    0x08001558   0x00000124   Code   RO         4142    .text.GUI_MEMDEV__CreateFixed  STemWin_CM7_wc16.a(GUIDEV.o)
    0x0800167c   0x00000184   Code   RO         4177    .text.GUI_MEMDEV__WriteToActiveAlpha  STemWin_CM7_wc16.a(GUIDEV_WriteToActiveAlpha.o)
    0x08001800   0x00000038   Code   RO         4141    .text.GUI_MEMDEV__WriteToActiveAt  STemWin_CM7_wc16.a(GUIDEV.o)
    0x08001838   0x0000074c   Code   RO         4349    .text.GUI_MEMDEV__WriteToActiveOpaque  STemWin_CM7_wc16.a(GUIDEV_WriteToActiveOpaque.o)
    0x08001f84   0x00000068   Code   RO         3457    .text.GUI_MULTIBUF_BeginEx  STemWin_CM7_wc16.a(GUI_MULTIBUF.o)
    0x08001fec   0x00000038   Code   RO         3464    .text.GUI_MULTIBUF_ConfigEx  STemWin_CM7_wc16.a(GUI_MULTIBUF.o)
    0x08002024   0x00000028   Code   RO         3463    .text.GUI_MULTIBUF_ConfirmEx  STemWin_CM7_wc16.a(GUI_MULTIBUF.o)
    0x0800204c   0x0000005c   Code   RO         3460    .text.GUI_MULTIBUF_EndEx  STemWin_CM7_wc16.a(GUI_MULTIBUF.o)
    0x080020a8   0x00000056   Code   RO         3333    .text.GUI_MergeRect  STemWin_CM7_wc16.a(GUI_Common.o)
    0x080020fe   0x00000020   Code   RO         3334    .text.GUI_MoveRect  STemWin_CM7_wc16.a(GUI_Common.o)
    0x0800211e   0x00000002   PAD
    0x08002120   0x00000030   Code   RO         3798    .text.GUI_PollKeyMsg  STemWin_CM7_wc16.a(GUI_OnKey.o)
    0x08002150   0x00000060   Code   RO         4289    .text.GUI_ReadRectEx  STemWin_CM7_wc16.a(LCD_ReadRect.o)
    0x080021b0   0x0000003a   Code   RO         3350    .text.GUI_RectsIntersect  STemWin_CM7_wc16.a(GUI_Common.o)
    0x080021ea   0x00000002   PAD
    0x080021ec   0x00000014   Code   RO         3352    .text.GUI_RestoreContext  STemWin_CM7_wc16.a(GUI_Common.o)
    0x08002200   0x00000014   Code   RO         3351    .text.GUI_SaveContext_W  STemWin_CM7_wc16.a(GUI_Common.o)
    0x08002214   0x00000012   Code   RO         3357    .text.GUI_SelectLCD  STemWin_CM7_wc16.a(GUI_Common.o)
    0x08002226   0x00000002   PAD
    0x08002228   0x0000002c   Code   RO         3479    .text.GUI_SelectLayer  STemWin_CM7_wc16.a(GUI_SelectLayer.o)
    0x08002254   0x00000004   Code   RO         3359    .text.GUI_SetBkColor  STemWin_CM7_wc16.a(GUI_Common.o)
    0x08002258   0x00000004   Code   RO         3360    .text.GUI_SetColor  STemWin_CM7_wc16.a(GUI_Common.o)
    0x0800225c   0x00000004   Code   RO         3365    .text.GUI_SetDrawMode  STemWin_CM7_wc16.a(GUI_Common.o)
    0x08002260   0x00000014   Code   RO         3366    .text.GUI_SetFont   STemWin_CM7_wc16.a(GUI_Common.o)
    0x08002274   0x00000010   Code   RO         3368    .text.GUI_SetLineStyle  STemWin_CM7_wc16.a(GUI_Common.o)
    0x08002284   0x00000038   Code   RO         3369    .text.GUI_SetOrg    STemWin_CM7_wc16.a(GUI_Common.o)
    0x080022bc   0x00000010   Code   RO         3346    .text.GUI_SetPenSize  STemWin_CM7_wc16.a(GUI_Common.o)
    0x080022cc   0x00000014   Code   RO         3370    .text.GUI_SetTextAlign  STemWin_CM7_wc16.a(GUI_Common.o)
    0x080022e0   0x00000014   Code   RO         3371    .text.GUI_SetTextMode  STemWin_CM7_wc16.a(GUI_Common.o)
    0x080022f4   0x00000010   Code   RO         3829    .text.GUI_SignalEvent  STemWin_CM7_wc16.a(GUI_WaitEvent.o)
    0x08002304   0x00000010   Code   RO         3795    .text.GUI_StoreKey  STemWin_CM7_wc16.a(GUI_OnKey.o)
    0x08002314   0x00000064   Code   RO         4082    .text.GUI_TIMER_Delete  STemWin_CM7_wc16.a(GUI_Timer.o)
    0x08002378   0x0000002a   Code   RO         4088    .text.GUI_TIMER_GetFlag  STemWin_CM7_wc16.a(GUI_Timer.o)
    0x080023a2   0x00000002   PAD
    0x080023a4   0x00000030   Code   RO         4079    .text.GUI_TIMER__GetFirstTimer  STemWin_CM7_wc16.a(GUI_Timer.o)
    0x080023d4   0x00000038   Code   RO         4080    .text.GUI_TIMER__GetNextTimerLin  STemWin_CM7_wc16.a(GUI_Timer.o)
    0x0800240c   0x00000028   Code   RO         3809    .text.GUI_UC__GetCharCodeInc  STemWin_CM7_wc16.a(GUI_UC.o)
    0x08002434   0x00000024   Code   RO         3810    .text.GUI_UC__NumChars2NumBytes  STemWin_CM7_wc16.a(GUI_UC.o)
    0x08002458   0x00000026   Code   RO         4173    .text.GUI_USAGE_AddRect  STemWin_CM7_wc16.a(GUIDEV_Usage.o)
    0x0800247e   0x00000078   Code   RO         4334    .text.GUI_USAGE_BM_AddHLine  STemWin_CM7_wc16.a(GUIDEV_UsageBM.o)
    0x080024f6   0x00000028   Code   RO         4330    .text.GUI_USAGE_BM_AddPixel  STemWin_CM7_wc16.a(GUIDEV_UsageBM.o)
    0x0800251e   0x00000010   Code   RO         4333    .text.GUI_USAGE_BM_Clear  STemWin_CM7_wc16.a(GUIDEV_UsageBM.o)
    0x0800252e   0x00000002   PAD
    0x08002530   0x00000054   Code   RO         4335    .text.GUI_USAGE_BM_Create  STemWin_CM7_wc16.a(GUIDEV_UsageBM.o)
    0x08002584   0x0000009c   Code   RO         4331    .text.GUI_USAGE_BM_GetNextDirty  STemWin_CM7_wc16.a(GUIDEV_UsageBM.o)
    0x08002620   0x00000028   Code   RO         4172    .text.GUI_USAGE_DecUseCnt  STemWin_CM7_wc16.a(GUIDEV_Usage.o)
    0x08002648   0x0000001a   Code   RO         4097    .text.GUI__AllocAlphaBuffer  STemWin_CM7_wc16.a(GUI__Alpha.o)
    0x08002662   0x00000002   PAD
    0x08002664   0x00000024   Code   RO         4272    .text.GUI__AlphaPreserveTrans  STemWin_CM7_wc16.a(GUI_SetAlpha.o)
    0x08002688   0x0000016e   Code   RO         4277    .text.GUI__CompactPixelIndices  STemWin_CM7_wc16.a(GUI__CompactPixelIndices.o)
    0x080027f6   0x0000000e   Code   RO         4279    .text.GUI__CompactPixelIndicesEx  STemWin_CM7_wc16.a(GUI__CompactPixelIndices.o)
    0x08002804   0x00000098   Code   RO         3393    .text.GUI__Config   STemWin_CM7_wc16.a(GUI_Core.o)
    0x0800289c   0x00000196   Code   RO         4278    .text.GUI__ConvertColor2Index  STemWin_CM7_wc16.a(GUI__CompactPixelIndices.o)
    0x08002a32   0x00000002   PAD
    0x08002a34   0x000000a8   Code   RO         3754    .text.GUI__DispLine  STemWin_CM7_wc16.a(GUI_CharLine.o)
    0x08002adc   0x000001d4   Code   RO         4096    .text.GUI__DoAlphaBlending  STemWin_CM7_wc16.a(GUI__Alpha.o)
    0x08002cb0   0x0000017c   Code   RO         4284    .text.GUI__ExpandPixelIndicesEx  STemWin_CM7_wc16.a(GUI__ExpandPixelIndices.o)
    0x08002e2c   0x000000b8   Code   RO         4095    .text.GUI__GetAlphaBuffer  STemWin_CM7_wc16.a(GUI__Alpha.o)
    0x08002ee4   0x00000060   Code   RO         3753    .text.GUI__GetLineDistX  STemWin_CM7_wc16.a(GUI_CharLine.o)
    0x08002f44   0x00000038   Code   RO         3751    .text.GUI__GetLineNumChars  STemWin_CM7_wc16.a(GUI_CharLine.o)
    0x08002f7c   0x0000001c   Code   RO         3752    .text.GUI__GetOverlap  STemWin_CM7_wc16.a(GUI_CharLine.o)
    0x08002f98   0x0000003a   Code   RO         3839    .text.GUI__IntersectRect  STemWin_CM7_wc16.a(GUI__Private.o)
    0x08002fd2   0x00000056   Code   RO         3840    .text.GUI__IntersectRects  STemWin_CM7_wc16.a(GUI__Private.o)
    0x08003028   0x00000010   Code   RO         4108    .text.GUI__ManageCache  STemWin_CM7_wc16.a(GUI__ManageCache.o)
    0x08003038   0x000000dc   Code   RO         4107    .text.GUI__ManageCacheEx  STemWin_CM7_wc16.a(GUI__ManageCache.o)
    0x08003114   0x0000005a   Code   RO         4093    .text.GUI__MixColors  STemWin_CM7_wc16.a(GUI__Alpha.o)
    0x0800316e   0x00000002   PAD
    0x08003170   0x00000088   Code   RO         4092    .text.GUI__MixColorsBulk  STemWin_CM7_wc16.a(GUI__Alpha.o)
    0x080031f8   0x00000028   Code   RO         3396    .text.GUI__RegisterExit  STemWin_CM7_wc16.a(GUI_Core.o)
    0x08003220   0x0000005e   Code   RO         3842    .text.GUI__memset   STemWin_CM7_wc16.a(GUI__Private.o)
    0x0800327e   0x00000002   PAD
    0x08003280   0x00000048   Code   RO         4116    .text.LCD_AA_MixColors16  STemWin_CM7_wc16.a(LCD_AA.o)
    0x080032c8   0x00000010   Code   RO         4118    .text.LCD_AA_SetAndMask  STemWin_CM7_wc16.a(LCD_AA.o)
    0x080032d8   0x0000001c   Code   RO         3504    .text.LCD_Color2Index  STemWin_CM7_wc16.a(LCD.o)
    0x080032f4   0x00000224   Code   RO         3501    .text.LCD_DrawBitmap  STemWin_CM7_wc16.a(LCD.o)
    0x08003518   0x00000050   Code   RO         3497    .text.LCD_DrawHLine  STemWin_CM7_wc16.a(LCD.o)
    0x08003568   0x00000060   Code   RO         3496    .text.LCD_DrawPixel  STemWin_CM7_wc16.a(LCD.o)
    0x080035c8   0x00000058   Code   RO         3499    .text.LCD_FillRect  STemWin_CM7_wc16.a(LCD.o)
    0x08003620   0x00000006   Code   RO         3523    .text.LCD_GetBitsPerPixelEx  STemWin_CM7_wc16.a(LCD_GetEx.o)
    0x08003626   0x00000002   PAD
    0x08003628   0x00000010   Code   RO         3888    .text.LCD_GetBkColorIndex  STemWin_CM7_wc16.a(LCD_GetColorIndex.o)
    0x08003638   0x00000010   Code   RO         3889    .text.LCD_GetColorIndex  STemWin_CM7_wc16.a(LCD_GetColorIndex.o)
    0x08003648   0x00000006   Code   RO         3527    .text.LCD_GetMirrorXEx  STemWin_CM7_wc16.a(LCD_GetEx.o)
    0x0800364e   0x00000006   Code   RO         3528    .text.LCD_GetMirrorYEx  STemWin_CM7_wc16.a(LCD_GetEx.o)
    0x08003654   0x00000010   Code   RO         3535    .text.LCD_GetNumColors  STemWin_CM7_wc16.a(LCD_GetEx.o)
    0x08003664   0x00000006   Code   RO         3524    .text.LCD_GetNumColorsEx  STemWin_CM7_wc16.a(LCD_GetEx.o)
    0x0800366a   0x0000001e   Code   RO         4129    .text.LCD_GetNumLayers  STemWin_CM7_wc16.a(LCD_GetNumDisplays.o)
    0x08003688   0x00000010   Code   RO         3544    .text.LCD_GetPalette  STemWin_CM7_wc16.a(LCD_GetEx.o)
    0x08003698   0x00000016   Code   RO         3543    .text.LCD_GetPaletteEx  STemWin_CM7_wc16.a(LCD_GetEx.o)
    0x080036ae   0x00000032   Code   RO         3562    .text.LCD_GetPosEx  STemWin_CM7_wc16.a(LCD_Set.o)
    0x080036e0   0x00000006   Code   RO         3529    .text.LCD_GetSwapXYEx  STemWin_CM7_wc16.a(LCD_GetEx.o)
    0x080036e6   0x00000006   Code   RO         3521    .text.LCD_GetVXSizeEx  STemWin_CM7_wc16.a(LCD_GetEx.o)
    0x080036ec   0x00000006   Code   RO         3551    .text.LCD_GetVXSizeMax  STemWin_CM7_wc16.a(LCD_GetEx.o)
    0x080036f2   0x00000006   Code   RO         3522    .text.LCD_GetVYSizeEx  STemWin_CM7_wc16.a(LCD_GetEx.o)
    0x080036f8   0x00000010   Code   RO         3530    .text.LCD_GetXSize  STemWin_CM7_wc16.a(LCD_GetEx.o)
    0x08003708   0x0000000c   Code   RO         3555    .text.LCD_GetXSizeDisplay  STemWin_CM7_wc16.a(LCD_GetEx.o)
    0x08003714   0x00000006   Code   RO         3519    .text.LCD_GetXSizeEx  STemWin_CM7_wc16.a(LCD_GetEx.o)
    0x0800371a   0x00000006   Code   RO         3549    .text.LCD_GetXSizeMax  STemWin_CM7_wc16.a(LCD_GetEx.o)
    0x08003720   0x00000010   Code   RO         3531    .text.LCD_GetYSize  STemWin_CM7_wc16.a(LCD_GetEx.o)
    0x08003730   0x0000000c   Code   RO         3556    .text.LCD_GetYSizeDisplay  STemWin_CM7_wc16.a(LCD_GetEx.o)
    0x0800373c   0x00000006   Code   RO         3520    .text.LCD_GetYSizeEx  STemWin_CM7_wc16.a(LCD_GetEx.o)
    0x08003742   0x00000006   Code   RO         3550    .text.LCD_GetYSizeMax  STemWin_CM7_wc16.a(LCD_GetEx.o)
    0x08003748   0x00000004   Code   RO         3881    .text.LCD_GetpPalConvTableBM  STemWin_CM7_wc16.a(LCD_Color.o)
    0x0800374c   0x0000006c   Code   RO         3879    .text.LCD_GetpPalConvTableUncached  STemWin_CM7_wc16.a(LCD_Color.o)
    0x080037b8   0x0000001c   Code   RO         3505    .text.LCD_Index2Color  STemWin_CM7_wc16.a(LCD.o)
    0x080037d4   0x00000002   Code   RO         4213    .text.LCD_Index2Color_888  STemWin_CM7_wc16.a(GUICC_888_Index2Color.o)
    0x080037d6   0x00000002   Code   RO         4209    .text.LCD_Index2Color_8888  STemWin_CM7_wc16.a(GUICC_8888_Index2Color.o)
    0x080037d8   0x0000001c   Code   RO         3722    .text.LCD_Index2Color_M8888I  STemWin_CM7_wc16.a(GUICC_M8888I_Index2Color.o)
    0x080037f4   0x0000003c   Code   RO         3878    .text.LCD_InitColors  STemWin_CM7_wc16.a(LCD_Color.o)
    0x08003830   0x00000088   Code   RO         3882    .text.LCD_InitLUT   STemWin_CM7_wc16.a(LCD_Color.o)
    0x080038b8   0x000001a4   Code   RO         4288    .text.LCD_ReadRectEx  STemWin_CM7_wc16.a(LCD_ReadRect.o)
    0x08003a5c   0x00000040   Code   RO         3925    .text.LCD_SelectLCD  STemWin_CM7_wc16.a(LCD_SelectLCD.o)
    0x08003a9c   0x0000000c   Code   RO         3510    .text.LCD_SetBkColor  STemWin_CM7_wc16.a(LCD.o)
    0x08003aa8   0x00000018   Code   RO         3508    .text.LCD_SetBkColorIndex  STemWin_CM7_wc16.a(LCD.o)
    0x08003ac0   0x00000030   Code   RO         4137    .text.LCD_SetClipRectEx  STemWin_CM7_wc16.a(LCD_SetClipRectEx.o)
    0x08003af0   0x0000001c   Code   RO         3502    .text.LCD_SetClipRectMax  STemWin_CM7_wc16.a(LCD.o)
    0x08003b0c   0x0000000c   Code   RO         3511    .text.LCD_SetColor  STemWin_CM7_wc16.a(LCD.o)
    0x08003b18   0x00000018   Code   RO         3506    .text.LCD_SetColorIndex  STemWin_CM7_wc16.a(LCD.o)
    0x08003b30   0x00000030   Code   RO         3571    .text.LCD_SetDevFunc  STemWin_CM7_wc16.a(LCD_Set.o)
    0x08003b60   0x0000000c   Code   RO         3554    .text.LCD_SetDisplaySize  STemWin_CM7_wc16.a(LCD_GetEx.o)
    0x08003b6c   0x0000000c   Code   RO         3495    .text.LCD_SetDrawMode  STemWin_CM7_wc16.a(LCD.o)
    0x08003b78   0x00000030   Code   RO         3572    .text.LCD_SetLUTEntryEx  STemWin_CM7_wc16.a(LCD_Set.o)
    0x08003ba8   0x00000030   Code   RO         3574    .text.LCD_SetSizeEx  STemWin_CM7_wc16.a(LCD_Set.o)
    0x08003bd8   0x0000002c   Code   RO         3576    .text.LCD_SetVRAMAddrEx  STemWin_CM7_wc16.a(LCD_Set.o)
    0x08003c04   0x00000030   Code   RO         3577    .text.LCD_SetVSizeEx  STemWin_CM7_wc16.a(LCD_Set.o)
    0x08003c34   0x00000024   Code   RO         3929    .text.LCD_UpdateColorIndices  STemWin_CM7_wc16.a(LCD_UpdateColorIndices.o)
    0x08003c58   0x000001d8   Code   RO         3500    .text.LCD__DrawBitmap_1bpp  STemWin_CM7_wc16.a(LCD.o)
    0x08003e30   0x0000007e   Code   RO         3557    .text.LCD__GetBPP   STemWin_CM7_wc16.a(LCD_GetEx.o)
    0x08003eae   0x0000002c   Code   RO         3558    .text.LCD__GetBPPDevice  STemWin_CM7_wc16.a(LCD_GetEx.o)
    0x08003eda   0x00000002   PAD
    0x08003edc   0x00000010   Code   RO         4009    .text.WM_Activate   STemWin_CM7_wc16.a(WM.o)
    0x08003eec   0x00000086   Code   RO         3675    .text.WM_BringToBottom  STemWin_CM7_wc16.a(WM_Lib.o)
    0x08003f72   0x00000002   PAD
    0x08003f74   0x00000160   Code   RO         3995    .text.WM_CreateWindowAsChild  STemWin_CM7_wc16.a(WM.o)
    0x080040d4   0x00000014   Code   RO         4010    .text.WM_Deactivate  STemWin_CM7_wc16.a(WM.o)
    0x080040e8   0x00000048   Code   RO         4011    .text.WM_DefaultProc  STemWin_CM7_wc16.a(WM.o)
    0x08004130   0x00000026   Code   RO         4182    .text.WM_DeleteTimer  STemWin_CM7_wc16.a(WM_Timer.o)
    0x08004156   0x00000002   PAD
    0x08004158   0x00000118   Code   RO         3997    .text.WM_DeleteWindow  STemWin_CM7_wc16.a(WM.o)
    0x08004270   0x00000078   Code   RO         4008    .text.WM_Exec       STemWin_CM7_wc16.a(WM.o)
    0x080042e8   0x00000018   Code   RO         3653    .text.WM_GetDesktopWindow  STemWin_CM7_wc16.a(WM_Lib.o)
    0x08004300   0x00000010   Code   RO         3660    .text.WM_GetFirstChild  STemWin_CM7_wc16.a(WM_Lib.o)
    0x08004310   0x00000010   Code   RO         3674    .text.WM_GetParent  STemWin_CM7_wc16.a(WM_Lib.o)
    0x08004320   0x00000010   Code   RO         3670    .text.WM_GetWindowOrgX  STemWin_CM7_wc16.a(WM_Lib.o)
    0x08004330   0x000000f0   Code   RO         4013    .text.WM_Init       STemWin_CM7_wc16.a(WM.o)
    0x08004420   0x00000078   Code   RO         3991    .text.WM_InvalidateRect  STemWin_CM7_wc16.a(WM.o)
    0x08004498   0x00000006   Code   RO         3992    .text.WM_InvalidateWindow  STemWin_CM7_wc16.a(WM.o)
    0x0800449e   0x00000064   Code   RO         3986    .text.WM_InvalidateWindowAndDescsEx  STemWin_CM7_wc16.a(WM.o)
    0x08004502   0x00000004   Code   RO         4021    .text.WM_MoveWindow  STemWin_CM7_wc16.a(WM_Move.o)
    0x08004506   0x00000014   Code   RO         3698    .text.WM_NotifyParent  STemWin_CM7_wc16.a(WM_Lib.o)
    0x0800451a   0x00000002   PAD
    0x0800451c   0x00000034   Code   RO         3692    .text.WM_OnKey      STemWin_CM7_wc16.a(WM_Lib.o)
    0x08004550   0x000000f6   Code   RO         3695    .text.WM_ResizeWindow  STemWin_CM7_wc16.a(WM_Lib.o)
    0x08004646   0x00000002   PAD
    0x08004648   0x00000040   Code   RO         3994    .text.WM_SelectWindow  STemWin_CM7_wc16.a(WM.o)
    0x08004688   0x00000004   Code   RO         3696    .text.WM_SendMessageNoPara  STemWin_CM7_wc16.a(WM_Lib.o)
    0x0800468c   0x0000001c   Code   RO         3697    .text.WM_SendToParent  STemWin_CM7_wc16.a(WM_Lib.o)
    0x080046a8   0x00000010   Code   RO         3701    .text.WM_SetCreateFlags  STemWin_CM7_wc16.a(WM_Lib.o)
    0x080046b8   0x00000014   Code   RO         4002    .text.WM_SetDefault  STemWin_CM7_wc16.a(WM.o)
    0x080046cc   0x0000004c   Code   RO         3709    .text.WM_SetSize    STemWin_CM7_wc16.a(WM_Lib.o)
    0x08004718   0x00000048   Code   RO         3976    .text.WM__ActivateClipRect  STemWin_CM7_wc16.a(WM.o)
    0x08004760   0x00000010   Code   RO         4044    .text.WM__AddCriticalHandle  STemWin_CM7_wc16.a(WM__Private.o)
    0x08004770   0x00000010   Code   RO         3974    .text.WM__Client2Screen  STemWin_CM7_wc16.a(WM.o)
    0x08004780   0x00000058   Code   RO         3971    .text.WM__ClipAtParentBorders  STemWin_CM7_wc16.a(WM.o)
    0x080047d8   0x0000004a   Code   RO         4183    .text.WM__DeleteAssocTimer  STemWin_CM7_wc16.a(WM_Timer.o)
    0x08004822   0x0000002a   Code   RO         3990    .text.WM__DetachWindow  STemWin_CM7_wc16.a(WM.o)
    0x0800484c   0x00000022   Code   RO         4046    .text.WM__GetClientRectEx  STemWin_CM7_wc16.a(WM__Private.o)
    0x0800486e   0x00000018   Code   RO         3982    .text.WM__GetClientRectWin  STemWin_CM7_wc16.a(WM.o)
    0x08004886   0x00000012   Code   RO         4028    .text.WM__GetFirstSibling  STemWin_CM7_wc16.a(WM__Private.o)
    0x08004898   0x00000184   Code   RO         4000    .text.WM__GetNextIVR  STemWin_CM7_wc16.a(WM.o)
    0x08004a1c   0x00000026   Code   RO         4032    .text.WM__GetPrevSibling  STemWin_CM7_wc16.a(WM__Private.o)
    0x08004a42   0x00000002   PAD
    0x08004a44   0x00000028   Code   RO         3983    .text.WM__GetTopLevelLayer  STemWin_CM7_wc16.a(WM.o)
    0x08004a6c   0x00000100   Code   RO         4001    .text.WM__InitIVRSearch  STemWin_CM7_wc16.a(WM.o)
    0x08004b6c   0x000000ac   Code   RO         3972    .text.WM__InsertWindowIntoList  STemWin_CM7_wc16.a(WM.o)
    0x08004c18   0x00000006   Code   RO         3985    .text.WM__Invalidate1Abs  STemWin_CM7_wc16.a(WM.o)
    0x08004c1e   0x00000002   PAD
    0x08004c20   0x00000050   Code   RO         3978    .text.WM__InvalidateDrawAndDescs  STemWin_CM7_wc16.a(WM.o)
    0x08004c70   0x0000002a   Code   RO         3988    .text.WM__InvalidateParent  STemWin_CM7_wc16.a(WM.o)
    0x08004c9a   0x00000076   Code   RO         3987    .text.WM__InvalidateRect  STemWin_CM7_wc16.a(WM.o)
    0x08004d10   0x00000006   Code   RO         3989    .text.WM__InvalidateRectEx  STemWin_CM7_wc16.a(WM.o)
    0x08004d16   0x00000002   PAD
    0x08004d18   0x00000020   Code   RO         3977    .text.WM__IsWindow  STemWin_CM7_wc16.a(WM.o)
    0x08004d38   0x000000a8   Code   RO         4019    .text.WM__MoveWindow  STemWin_CM7_wc16.a(WM_Move.o)
    0x08004de0   0x000000b4   Code   RO         4004    .text.WM__Paint     STemWin_CM7_wc16.a(WM.o)
    0x08004e94   0x00000094   Code   RO         4003    .text.WM__Paint1    STemWin_CM7_wc16.a(WM.o)
    0x08004f28   0x00000078   Code   RO         3969    .text.WM__PaintWinAndOverlays  STemWin_CM7_wc16.a(WM.o)
    0x08004fa0   0x00000022   Code   RO         3979    .text.WM__RectIsNZ  STemWin_CM7_wc16.a(WM.o)
    0x08004fc2   0x0000003c   Code   RO         3973    .text.WM__RemoveWindowFromList  STemWin_CM7_wc16.a(WM.o)
    0x08004ffe   0x00000014   Code   RO         3993    .text.WM__SelectTopLevelLayer  STemWin_CM7_wc16.a(WM.o)
    0x08005012   0x00000002   PAD
    0x08005014   0x0000003c   Code   RO         4040    .text.WM__SendMessage  STemWin_CM7_wc16.a(WM__Private.o)
    0x08005050   0x00000028   Code   RO         4042    .text.WM__SendMessageNoPara  STemWin_CM7_wc16.a(WM__Private.o)
    0x08005078   0x00000016   Code   RO         3981    .text.WM__SendMsgNoData  STemWin_CM7_wc16.a(WM.o)
    0x0800508e   0x000000ec   Code   RO         4043    .text.WM__UpdateChildPositions  STemWin_CM7_wc16.a(WM__Private.o)
    0x0800517a   0x00000002   PAD
    0x0800517c   0x000000a4   Code   RO         3242    .text._AddFreeMemory  STemWin_CM7_wc16.a(GUI_Alloc.o)
    0x08005220   0x000000f0   Code   RO         3268    .text._Alloc        STemWin_CM7_wc16.a(GUI_Alloc.o)
    0x08005310   0x00000004   Code   RO         3818    .text._CalcSizeOfChar  STemWin_CM7_wc16.a(GUI_UC_EncodeNone.o)
    0x08005314   0x00000010   Code   RO         4203    .text._Color2IndexBulk  STemWin_CM7_wc16.a(GUICC_8888.o)
    0x08005324   0x00000058   Code   RO         3233    .text._Color2IndexBulk_M8888I  STemWin_CM7_wc16.a(GUICC_M8888I.o)
    0x0800537c   0x00000052   Code   RO         4052    .text._Color2Index_0  STemWin_CM7_wc16.a(GUICC_0.o)
    0x080053ce   0x00000002   Code   RO         4201    .text._Color2Index_8888  STemWin_CM7_wc16.a(GUICC_8888.o)
    0x080053d0   0x0000001c   Code   RO         3231    .text._Color2Index_M8888I  STemWin_CM7_wc16.a(GUICC_M8888I.o)
    0x080053ec   0x0000003e   Code   RO         4347    .text._Convert16    STemWin_CM7_wc16.a(GUIDEV_WriteToActiveOpaque.o)
    0x0800542a   0x00000042   Code   RO         4348    .text._Convert8     STemWin_CM7_wc16.a(GUIDEV_WriteToActiveOpaque.o)
    0x0800546c   0x00000064   Code   RO         3617    .text._CopyBuffer   STemWin_CM7_wc16.a(GUIDRV_Lin_32.o)
    0x080054d0   0x00000164   Code   RO         4159    .text._CreateStaticDevice  STemWin_CM7_wc16.a(GUIDEV_StaticDevices.o)
    0x08005634   0x0000009c   Code   RO         3750    .text._DispLine     STemWin_CM7_wc16.a(GUI_CharLine.o)
    0x080056d0   0x000004e8   Code   RO         3614    .text._DrawBitmap   STemWin_CM7_wc16.a(GUIDRV_Lin_32.o)
    0x08005bb8   0x00000728   Code   RO         3957    .text._DrawBitmap   STemWin_CM7_wc16.a(GUIDEV_32.o)
    0x080062e0   0x0000000e   Code   RO         3602    .text._DrawHLine    STemWin_CM7_wc16.a(GUIDRV_Lin_32.o)
    0x080062ee   0x0000000e   Code   RO         3956    .text._DrawHLine    STemWin_CM7_wc16.a(GUIDEV_32.o)
    0x080062fc   0x00000010   Code   RO         3603    .text._DrawVLine    STemWin_CM7_wc16.a(GUIDRV_Lin_32.o)
    0x0800630c   0x000000b4   Code   RO         3954    .text._DrawVLine    STemWin_CM7_wc16.a(GUIDEV_32.o)
    0x080063c0   0x00000006   Code   RO         3819    .text._Encode       STemWin_CM7_wc16.a(GUI_UC_EncodeNone.o)
    0x080063c6   0x00000002   PAD
    0x080063c8   0x0000009c   Code   RO         3263    .text._EnlargeBlocks  STemWin_CM7_wc16.a(GUI_Alloc.o)
    0x08006464   0x0000008c   Code   RO         4005    .text._Exec1Draw    STemWin_CM7_wc16.a(WM.o)
    0x080064f0   0x00000084   Code   RO         3998    .text._Exec1Input   STemWin_CM7_wc16.a(WM.o)
    0x08006574   0x0000014c   Code   RO         3601    .text._FillRect     STemWin_CM7_wc16.a(GUIDRV_Lin_32.o)
    0x080066c0   0x000000b4   Code   RO         3955    .text._FillRect     STemWin_CM7_wc16.a(GUIDEV_32.o)
    0x08006774   0x00000086   Code   RO         3965    .text._Findx0       STemWin_CM7_wc16.a(WM.o)
    0x080067fa   0x00000072   Code   RO         3966    .text._Findx1       STemWin_CM7_wc16.a(WM.o)
    0x0800686c   0x000000a6   Code   RO         3964    .text._Findy1       STemWin_CM7_wc16.a(WM.o)
    0x08006912   0x00000004   Code   RO         4332    .text._GUI_USAGE_BM_Delete  STemWin_CM7_wc16.a(GUIDEV_UsageBM.o)
    0x08006916   0x00000004   Code   RO         3816    .text._GetCharCode  STemWin_CM7_wc16.a(GUI_UC_EncodeNone.o)
    0x0800691a   0x00000004   Code   RO         3817    .text._GetCharSize  STemWin_CM7_wc16.a(GUI_UC_EncodeNone.o)
    0x0800691e   0x00000002   PAD
    0x08006920   0x00000010   Code   RO         3605    .text._GetDevData   STemWin_CM7_wc16.a(GUIDRV_Lin_32.o)
    0x08006930   0x00000010   Code   RO         3945    .text._GetDevData   STemWin_CM7_wc16.a(GUIDEV_32.o)
    0x08006940   0x000000e8   Code   RO         3607    .text._GetDevFunc   STemWin_CM7_wc16.a(GUIDRV_Lin_32.o)
    0x08006a28   0x00000010   Code   RO         3946    .text._GetDevFunc   STemWin_CM7_wc16.a(GUIDEV_32.o)
    0x08006a38   0x0000001e   Code   RO         3517    .text._GetDevProp   STemWin_CM7_wc16.a(LCD_GetEx.o)
    0x08006a56   0x0000003c   Code   RO         3604    .text._GetDevProp   STemWin_CM7_wc16.a(GUIDRV_Lin_32.o)
    0x08006a92   0x0000000a   Code   RO         3947    .text._GetDevProp   STemWin_CM7_wc16.a(GUIDEV_32.o)
    0x08006a9c   0x00000052   Code   RO         4050    .text._GetIndexMask_0  STemWin_CM7_wc16.a(GUICC_0.o)
    0x08006aee   0x00000006   Code   RO         4202    .text._GetIndexMask_8888  STemWin_CM7_wc16.a(GUICC_8888.o)
    0x08006af4   0x00000006   Code   RO         3232    .text._GetIndexMask_M8888I  STemWin_CM7_wc16.a(GUICC_M8888I.o)
    0x08006afa   0x00000022   Code   RO         3518    .text._GetMaxValue  STemWin_CM7_wc16.a(LCD_GetEx.o)
    0x08006b1c   0x00000010   Code   RO         3599    .text._GetPixelIndex  STemWin_CM7_wc16.a(GUIDRV_Lin_32.o)
    0x08006b2c   0x0000000e   Code   RO         3951    .text._GetPixelIndex  STemWin_CM7_wc16.a(GUIDEV_32.o)
    0x08006b3a   0x0000001c   Code   RO         3618    .text._GetPos       STemWin_CM7_wc16.a(GUIDRV_Lin_32.o)
    0x08006b56   0x00000016   Code   RO         3597    .text._GetRect      STemWin_CM7_wc16.a(GUIDRV_Lin_32.o)
    0x08006b6c   0x00000036   Code   RO         3949    .text._GetRect      STemWin_CM7_wc16.a(GUIDEV_32.o)
    0x08006ba2   0x00000010   Code   RO         4204    .text._Index2ColorBulk  STemWin_CM7_wc16.a(GUICC_8888.o)
    0x08006bb2   0x00000002   PAD
    0x08006bb4   0x00000058   Code   RO         3234    .text._Index2ColorBulk_M8888I  STemWin_CM7_wc16.a(GUICC_M8888I.o)
    0x08006c0c   0x0000001e   Code   RO         4051    .text._Index2Color_0  STemWin_CM7_wc16.a(GUICC_0.o)
    0x08006c2a   0x0000001a   Code   RO         3621    .text._Init         STemWin_CM7_wc16.a(GUIDRV_Lin_32.o)
    0x08006c44   0x00000084   Code   RO         3381    .text._InitContext  STemWin_CM7_wc16.a(GUI_Core.o)
    0x08006cc8   0x00000068   Code   RO         3264    .text._InitOnce     STemWin_CM7_wc16.a(GUI_Alloc.o)
    0x08006d30   0x00000022   Code   RO         3615    .text._InitOnce.isra.4  STemWin_CM7_wc16.a(GUIDRV_Lin_32.o)
    0x08006d52   0x00000002   PAD
    0x08006d54   0x000000a0   Code   RO         3984    .text._Invalidate1Abs  STemWin_CM7_wc16.a(WM.o)
    0x08006df4   0x00000002   Code   RO         3749    .text._Log2VisBuffered  STemWin_CM7_wc16.a(GUI_CharLine.o)
    0x08006df6   0x00000072   Code   RO         4018    .text._MoveDescendents  STemWin_CM7_wc16.a(WM_Move.o)
    0x08006e68   0x0000000a   Code   RO         3611    .text._Off          STemWin_CM7_wc16.a(GUIDRV_Lin_32.o)
    0x08006e72   0x0000000a   Code   RO         3612    .text._On           STemWin_CM7_wc16.a(GUIDRV_Lin_32.o)
    0x08006e7c   0x00000048   Code   RO         3382    .text._OnExit       STemWin_CM7_wc16.a(GUI_Core.o)
    0x08006ec4   0x00000048   Code   RO         3456    .text._OnExit       STemWin_CM7_wc16.a(GUI_MULTIBUF.o)
    0x08006f0c   0x0000001c   Code   RO         3876    .text._OnExit       STemWin_CM7_wc16.a(LCD_Color.o)
    0x08006f28   0x000000a4   Code   RO         3962    .text._OnExit       STemWin_CM7_wc16.a(WM.o)
    0x08006fcc   0x00000028   Code   RO         4094    .text._OnExit       STemWin_CM7_wc16.a(GUI__Alpha.o)
    0x08006ff4   0x00000028   Code   RO         3963    .text._Paint1       STemWin_CM7_wc16.a(WM.o)
    0x0800701c   0x00000094   Code   RO         3967    .text._Paint1Trans  STemWin_CM7_wc16.a(WM.o)
    0x080070b0   0x000000ae   Code   RO         3968    .text._PaintTransChildren  STemWin_CM7_wc16.a(WM.o)
    0x0800715e   0x00000002   PAD
    0x08007160   0x00000024   Code   RO         3240    .text._PushFreeBlock  STemWin_CM7_wc16.a(GUI_Alloc.o)
    0x08007184   0x0000005c   Code   RO         3606    .text._ReadRect     STemWin_CM7_wc16.a(GUIDRV_Lin_32.o)
    0x080071e0   0x00000040   Code   RO         3241    .text._RemoveFreeBlock  STemWin_CM7_wc16.a(GUI_Alloc.o)
    0x08007220   0x00000098   Code   RO         3243    .text._RemoveHoles  STemWin_CM7_wc16.a(GUI_Alloc.o)
    0x080072b8   0x00000028   Code   RO         3623    .text._SetAlpha     STemWin_CM7_wc16.a(GUIDRV_Lin_32.o)
    0x080072e0   0x00000016   Code   RO         3610    .text._SetAlphaMode  STemWin_CM7_wc16.a(GUIDRV_Lin_32.o)
    0x080072f6   0x00000002   PAD
    0x080072f8   0x00000020   Code   RO         3509    .text._SetBkColor   STemWin_CM7_wc16.a(LCD.o)
    0x08007318   0x00000016   Code   RO         3608    .text._SetChroma    STemWin_CM7_wc16.a(GUIDRV_Lin_32.o)
    0x0800732e   0x00000016   Code   RO         3609    .text._SetChromaMode  STemWin_CM7_wc16.a(GUIDRV_Lin_32.o)
    0x08007344   0x00000050   Code   RO         3975    .text._SetClipRectUserIntersect  STemWin_CM7_wc16.a(WM.o)
    0x08007394   0x00000020   Code   RO         3507    .text._SetColor     STemWin_CM7_wc16.a(LCD.o)
    0x080073b4   0x0000004c   Code   RO         3616    .text._SetDevFunc   STemWin_CM7_wc16.a(GUIDRV_Lin_32.o)
    0x08007400   0x00000028   Code   RO         3494    .text._SetDrawMode  STemWin_CM7_wc16.a(LCD.o)
    0x08007428   0x00000094   Code   RO         3613    .text._SetOrg       STemWin_CM7_wc16.a(GUIDRV_Lin_32.o)
    0x080074bc   0x00000008   Code   RO         3948    .text._SetOrg       STemWin_CM7_wc16.a(GUIDEV_32.o)
    0x080074c4   0x00000012   Code   RO         3598    .text._SetPixelIndex  STemWin_CM7_wc16.a(GUIDRV_Lin_32.o)
    0x080074d6   0x00000002   PAD
    0x080074d8   0x0000004c   Code   RO         3953    .text._SetPixelIndex  STemWin_CM7_wc16.a(GUIDEV_32.o)
    0x08007524   0x000000fa   Code   RO         3625    .text._SetPos       STemWin_CM7_wc16.a(GUIDRV_Lin_32.o)
    0x0800761e   0x00000042   Code   RO         3626    .text._SetSize      STemWin_CM7_wc16.a(GUIDRV_Lin_32.o)
    0x08007660   0x0000002a   Code   RO         3624    .text._SetVRAMAddr  STemWin_CM7_wc16.a(GUIDRV_Lin_32.o)
    0x0800768a   0x00000018   Code   RO         3619    .text._SetVRAM_BufferPTR  STemWin_CM7_wc16.a(GUIDRV_Lin_32.o)
    0x080076a2   0x00000026   Code   RO         3627    .text._SetVSize     STemWin_CM7_wc16.a(GUIDRV_Lin_32.o)
    0x080076c8   0x00000028   Code   RO         3622    .text._SetVis       STemWin_CM7_wc16.a(GUIDRV_Lin_32.o)
    0x080076f0   0x00000026   Code   RO         3620    .text._ShowBuffer   STemWin_CM7_wc16.a(GUIDRV_Lin_32.o)
    0x08007716   0x00000002   PAD
    0x08007718   0x0000004c   Code   RO         4075    .text._Unlink       STemWin_CM7_wc16.a(GUI_Timer.o)
    0x08007764   0x00000040   Code   RO         3950    .text._XY2PTR       STemWin_CM7_wc16.a(GUIDEV_32.o)
    0x080077a4   0x00000028   Code   RO         3600    .text._XorPixel     STemWin_CM7_wc16.a(GUIDRV_Lin_32.o)
    0x080077cc   0x0000005c   Code   RO         3952    .text._XorPixel     STemWin_CM7_wc16.a(GUIDEV_32.o)
    0x08007828   0x00000068   Code   RO         4012    .text._cbBackWin    STemWin_CM7_wc16.a(WM.o)
    0x08007890   0x0000006c   Code   RO         3970    .text._cbPaintMemDev  STemWin_CM7_wc16.a(WM.o)
    0x080078fc   0x000000a4   Code   RO         3503    .text.emWin_LCD_Init  STemWin_CM7_wc16.a(LCD.o)
    0x080079a0   0x00000004   Code   RO          232    i.BusFault_Handler  stm32f7xx_it.o
    0x080079a4   0x0000006c   Code   RO         3099    i.CUSTOM_CopyBuffer  lcdconf.o
    0x08007a10   0x000000a0   Code   RO         3100    i.CUSTOM_CopyRect   lcdconf.o
    0x08007ab0   0x00000094   Code   RO         3101    i.CUSTOM_DrawBitmap32bpp  lcdconf.o
    0x08007b44   0x000000b8   Code   RO         3102    i.CUSTOM_FillRect   lcdconf.o
    0x08007bfc   0x00000060   Code   RO         3103    i.DMA2D_CopyBuffer  lcdconf.o
    0x08007c5c   0x0000005c   Code   RO         3104    i.DMA2D_FillBuffer  lcdconf.o
    0x08007cb8   0x00000002   Code   RO          233    i.DebugMon_Handler  stm32f7xx_it.o
    0x08007cba   0x00000002   Code   RO           13    i.Error_Handler     main.o
    0x08007cbc   0x00000010   Code   RO          234    i.FMC_IRQHandler    stm32f7xx_it.o
    0x08007ccc   0x00000074   Code   RO         2376    i.FMC_SDRAM_Init    stm32f7xx_ll_fmc.o
    0x08007d40   0x0000000e   Code   RO         2377    i.FMC_SDRAM_ProgramRefreshRate  stm32f7xx_ll_fmc.o
    0x08007d4e   0x00000026   Code   RO         2378    i.FMC_SDRAM_SendCommand  stm32f7xx_ll_fmc.o
    0x08007d74   0x0000009c   Code   RO         2380    i.FMC_SDRAM_Timing_Init  stm32f7xx_ll_fmc.o
    0x08007e10   0x00000014   Code   RO         3081    i.GUI_X_Config      guiconf.o
    0x08007e24   0x00000018   Code   RO         3030    i.GUI_X_Delay       gui_x.o
    0x08007e3c   0x0000000c   Code   RO         3033    i.GUI_X_GetTime     gui_x.o
    0x08007e48   0x00000002   Code   RO         3034    i.GUI_X_Init        gui_x.o
    0x08007e4a   0x00000002   PAD
    0x08007e4c   0x00000034   Code   RO         3105    i.GetBufferSize     lcdconf.o
    0x08007e80   0x00000060   Code   RO          609    i.HAL_DMA2D_Init    stm32f7xx_hal_dma2d.o
    0x08007ee0   0x00000024   Code   RO         3107    i.HAL_DMA2D_MspInit  lcdconf.o
    0x08007f04   0x00000028   Code   RO         1611    i.HAL_Delay         stm32f7xx_hal.o
    0x08007f2c   0x000000fc   Code   RO          331    i.HAL_FMC_MspInit   stm32f7xx_hal_msp.o
    0x08008028   0x00000218   Code   RO         1178    i.HAL_GPIO_Init     stm32f7xx_hal_gpio.o
    0x08008240   0x0000000c   Code   RO         1182    i.HAL_GPIO_WritePin  stm32f7xx_hal_gpio.o
    0x0800824c   0x0000000c   Code   RO         1619    i.HAL_GetTick       stm32f7xx_hal.o
    0x08008258   0x00000018   Code   RO         1625    i.HAL_IncTick       stm32f7xx_hal.o
    0x08008270   0x00000016   Code   RO         1626    i.HAL_Init          stm32f7xx_hal.o
    0x08008286   0x00000002   PAD
    0x08008288   0x0000004c   Code   RO         1627    i.HAL_InitTick      stm32f7xx_hal.o
    0x080082d4   0x000000b0   Code   RO         2667    i.HAL_LTDC_ConfigCLUT  stm32f7xx_hal_ltdc.o
    0x08008384   0x00000060   Code   RO         2668    i.HAL_LTDC_ConfigColorKeying  stm32f7xx_hal_ltdc.o
    0x080083e4   0x0000005e   Code   RO         2670    i.HAL_LTDC_ConfigLayer  stm32f7xx_hal_ltdc.o
    0x08008442   0x0000001e   Code   RO         2672    i.HAL_LTDC_DeInit   stm32f7xx_hal_ltdc.o
    0x08008460   0x0000004c   Code   RO         2675    i.HAL_LTDC_DisableColorKeying  stm32f7xx_hal_ltdc.o
    0x080084ac   0x0000004c   Code   RO         2678    i.HAL_LTDC_EnableCLUT  stm32f7xx_hal_ltdc.o
    0x080084f8   0x0000004c   Code   RO         2680    i.HAL_LTDC_EnableColorKeying  stm32f7xx_hal_ltdc.o
    0x08008544   0x00000044   Code   RO         2682    i.HAL_LTDC_EnableDither  stm32f7xx_hal_ltdc.o
    0x08008588   0x00000002   Code   RO         2683    i.HAL_LTDC_ErrorCallback  stm32f7xx_hal_ltdc.o
    0x0800858a   0x000000f4   Code   RO         2686    i.HAL_LTDC_IRQHandler  stm32f7xx_hal_ltdc.o
    0x0800867e   0x00000002   PAD
    0x08008680   0x00000118   Code   RO         2687    i.HAL_LTDC_Init     stm32f7xx_hal_ltdc.o
    0x08008798   0x000000a4   Code   RO         3108    i.HAL_LTDC_LineEventCallback  lcdconf.o
    0x0800883c   0x0000001c   Code   RO         3109    i.HAL_LTDC_MspDeInit  lcdconf.o
    0x08008858   0x00000210   Code   RO         3110    i.HAL_LTDC_MspInit  lcdconf.o
    0x08008a68   0x00000054   Code   RO         2691    i.HAL_LTDC_ProgramLineEvent  stm32f7xx_hal_ltdc.o
    0x08008abc   0x00000002   Code   RO         2693    i.HAL_LTDC_ReloadEventCallback  stm32f7xx_hal_ltdc.o
    0x08008abe   0x0000005c   Code   RO         2694    i.HAL_LTDC_SetAddress  stm32f7xx_hal_ltdc.o
    0x08008b1a   0x0000005c   Code   RO         2696    i.HAL_LTDC_SetAlpha  stm32f7xx_hal_ltdc.o
    0x08008b76   0x0000006c   Code   RO         2702    i.HAL_LTDC_SetWindowPosition  stm32f7xx_hal_ltdc.o
    0x08008be2   0x00000002   PAD
    0x08008be4   0x0000005c   Code   RO          449    i.HAL_MPU_ConfigRegion  stm32f7xx_hal_cortex.o
    0x08008c40   0x0000002c   Code   RO          450    i.HAL_MPU_Disable   stm32f7xx_hal_cortex.o
    0x08008c6c   0x00000040   Code   RO          451    i.HAL_MPU_Enable    stm32f7xx_hal_cortex.o
    0x08008cac   0x00000040   Code   RO          332    i.HAL_MspInit       stm32f7xx_hal_msp.o
    0x08008cec   0x00000020   Code   RO          454    i.HAL_NVIC_EnableIRQ  stm32f7xx_hal_cortex.o
    0x08008d0c   0x0000007c   Code   RO          460    i.HAL_NVIC_SetPriority  stm32f7xx_hal_cortex.o
    0x08008d88   0x00000028   Code   RO          461    i.HAL_NVIC_SetPriorityGrouping  stm32f7xx_hal_cortex.o
    0x08008db0   0x000006e0   Code   RO          894    i.HAL_RCCEx_PeriphCLKConfig  stm32f7xx_hal_rcc_ex.o
    0x08009490   0x00000190   Code   RO          787    i.HAL_RCC_ClockConfig  stm32f7xx_hal_rcc.o
    0x08009620   0x000000ac   Code   RO          796    i.HAL_RCC_GetSysClockFreq  stm32f7xx_hal_rcc.o
    0x080096cc   0x000004b4   Code   RO          799    i.HAL_RCC_OscConfig  stm32f7xx_hal_rcc.o
    0x08009b80   0x00000022   Code   RO         2516    i.HAL_SDRAM_IRQHandler  stm32f7xx_hal_sdram.o
    0x08009ba2   0x00000040   Code   RO         2517    i.HAL_SDRAM_Init    stm32f7xx_hal_sdram.o
    0x08009be2   0x0000000a   Code   RO          334    i.HAL_SDRAM_MspInit  stm32f7xx_hal_msp.o
    0x08009bec   0x00000028   Code   RO         2520    i.HAL_SDRAM_ProgramRefreshRate  stm32f7xx_hal_sdram.o
    0x08009c14   0x00000002   Code   RO         2525    i.HAL_SDRAM_RefreshErrorCallback  stm32f7xx_hal_sdram.o
    0x08009c16   0x0000003a   Code   RO         2526    i.HAL_SDRAM_SendCommand  stm32f7xx_hal_sdram.o
    0x08009c50   0x00000034   Code   RO          465    i.HAL_SYSTICK_Config  stm32f7xx_hal_cortex.o
    0x08009c84   0x00000004   Code   RO          235    i.HardFault_Handler  stm32f7xx_it.o
    0x08009c88   0x0000000c   Code   RO         3111    i.LCD_LL_GetPixelformat  lcdconf.o
    0x08009c94   0x0000009c   Code   RO         3112    i.LCD_LL_Init       lcdconf.o
    0x08009d30   0x00000088   Code   RO         3113    i.LCD_LL_LayerInit  lcdconf.o
    0x08009db8   0x0000010c   Code   RO         3114    i.LCD_X_Config      lcdconf.o
    0x08009ec4   0x0000018c   Code   RO         3115    i.LCD_X_DisplayDriver  lcdconf.o
    0x0800a050   0x00000010   Code   RO          236    i.LTDC_ER_IRQHandler  stm32f7xx_it.o
    0x0800a060   0x00000010   Code   RO          237    i.LTDC_IRQHandler   stm32f7xx_it.o
    0x0800a070   0x00000210   Code   RO         2706    i.LTDC_SetConfig    stm32f7xx_hal_ltdc.o
    0x0800a280   0x00000060   Code   RO           15    i.MPU_Config        main.o
    0x0800a2e0   0x000000b4   Code   RO          421    i.MT48LC4M32B2_Init  mt48lc4m32b2.o
    0x0800a394   0x00000074   Code   RO           16    i.MX_FMC_Init       main.o
    0x0800a408   0x0000013c   Code   RO           17    i.MX_GPIO_Init      main.o
    0x0800a544   0x00000004   Code   RO          238    i.MemManage_Handler  stm32f7xx_it.o
    0x0800a548   0x00000002   Code   RO          239    i.NMI_Handler       stm32f7xx_it.o
    0x0800a54a   0x00000002   Code   RO          240    i.PendSV_Handler    stm32f7xx_it.o
    0x0800a54c   0x0000009c   Code   RO           18    i.SCB_EnableDCache  main.o
    0x0800a5e8   0x0000007c   Code   RO           19    i.SCB_EnableICache  main.o
    0x0800a664   0x00000002   Code   RO          241    i.SVC_Handler       stm32f7xx_it.o
    0x0800a666   0x00000002   PAD
    0x0800a668   0x00000018   Code   RO          242    i.SysTick_Handler   stm32f7xx_it.o
    0x0800a680   0x000000dc   Code   RO           20    i.SystemClock_Config  main.o
    0x0800a75c   0x00000064   Code   RO         2997    i.SystemInit        system_stm32f7xx.o
    0x0800a7c0   0x00000004   Code   RO          243    i.UsageFault_Handler  stm32f7xx_it.o
    0x0800a7c4   0x00000028   Code   RO         4559    i.__0sprintf$3      mc_w.l(printf3.o)
    0x0800a7ec   0x00000010   Code   RO          467    i.__NVIC_GetPriorityGrouping  stm32f7xx_hal_cortex.o
    0x0800a7fc   0x00000028   Code   RO          468    i.__NVIC_SetPriority  stm32f7xx_hal_cortex.o
    0x0800a824   0x0000000e   Code   RO         4828    i.__scatterload_copy  mc_w.l(handlers.o)
    0x0800a832   0x00000002   Code   RO         4829    i.__scatterload_null  mc_w.l(handlers.o)
    0x0800a834   0x0000000e   Code   RO         4830    i.__scatterload_zeroinit  mc_w.l(handlers.o)
    0x0800a842   0x00000002   PAD
    0x0800a844   0x000001b8   Code   RO         4564    i._printf_core      mc_w.l(printf3.o)
    0x0800a9fc   0x0000000a   Code   RO         4566    i._sputc            mc_w.l(printf3.o)
    0x0800aa06   0x00000002   PAD
    0x0800aa08   0x0000020c   Code   RO           21    i.main              main.o
    0x0800ac14   0x00000018   Data   RO         2998    .constdata          system_stm32f7xx.o
    0x0800ac2c   0x00000018   Data   RO         3236    .rodata             STemWin_CM7_wc16.a(GUICC_M8888I.o)
    0x0800ac44   0x00000017   Data   RO         3406    .rodata             STemWin_CM7_wc16.a(GUI_Core.o)
    0x0800ac5b   0x00000001   PAD
    0x0800ac5c   0x0000000c   Data   RO         3513    .rodata             STemWin_CM7_wc16.a(LCD.o)
    0x0800ac68   0x00000034   Data   RO         3628    .rodata             STemWin_CM7_wc16.a(GUIDRV_Lin_32.o)
    0x0800ac9c   0x00001398   Data   RO         3632    .rodata             STemWin_CM7_wc16.a(F24B_1.o)
    0x0800c034   0x00001fb0   Data   RO         3636    .rodata             STemWin_CM7_wc16.a(F32B_1.o)
    0x0800dfe4   0x00000010   Data   RO         3821    .rodata             STemWin_CM7_wc16.a(GUI_UC_EncodeNone.o)
    0x0800dff4   0x00000100   Data   RO         3898    .rodata             STemWin_CM7_wc16.a(LCD_Mirror.o)
    0x0800e0f4   0x00001300   Data   RO         3933    .rodata             STemWin_CM7_wc16.a(F24B_ASCII.o)
    0x0800f3f4   0x00001ea8   Data   RO         3937    .rodata             STemWin_CM7_wc16.a(F32B_ASCII.o)
    0x0801129c   0x0000073c   Data   RO         3941    .rodata             STemWin_CM7_wc16.a(F6x8.o)
    0x080119d8   0x00000074   Data   RO         3958    .rodata             STemWin_CM7_wc16.a(GUIDEV_32.o)
    0x08011a4c   0x00000018   Data   RO         4055    .rodata             STemWin_CM7_wc16.a(GUICC_0.o)
    0x08011a64   0x00000018   Data   RO         4205    .rodata             STemWin_CM7_wc16.a(GUICC_8888.o)
    0x08011a7c   0x00000018   Data   RO         4336    .rodata             STemWin_CM7_wc16.a(GUIDEV_UsageBM.o)
    0x08011a94   0x00000020   Data   RO         4826    Region$$Table       anon$$obj.o


    Execution Region RW_IRAM1 (Base: 0x20000000, Size: 0x0002a5d0, Max: 0x00050000, ABSOLUTE)

    Base Addr    Size         Type   Attr      Idx    E Section Name        Object

    0x20000000   0x00000008   Data   RW           23    .data               main.o
    0x20000008   0x00000008   Data   RW          335    .data               stm32f7xx_hal_msp.o
    0x20000010   0x00000001   Data   RW          423    .data               mt48lc4m32b2.o
    0x20000011   0x00000003   PAD
    0x20000014   0x00000009   Data   RW         1633    .data               stm32f7xx_hal.o
    0x2000001d   0x00000003   PAD
    0x20000020   0x00000004   Data   RW         2999    .data               system_stm32f7xx.o
    0x20000024   0x00000004   Data   RW         3037    .data               gui_x.o
    0x20000028   0x00000004   Data   RW         3117    .data               lcdconf.o
    0x2000002c   0x00000007   Data   RW         3289    .data               STemWin_CM7_wc16.a(GUI_Common.o)
    0x20000033   0x00000001   PAD
    0x20000034   0x00000010   Data   RW         3379    .data               STemWin_CM7_wc16.a(GUI_Core.o)
    0x20000044   0x00000004   Data   RW         3485    .data               STemWin_CM7_wc16.a(GUI_Time.o)
    0x20000048   0x00000004   Data   RW         3492    .data               STemWin_CM7_wc16.a(LCD.o)
    0x2000004c   0x00000004   Data   RW         3747    .data               STemWin_CM7_wc16.a(GUI_CharLine.o)
    0x20000050   0x00000008   Data   RW         3792    .data               STemWin_CM7_wc16.a(GUI_OnKey.o)
    0x20000058   0x00000008   Data   RW         3832    .data               STemWin_CM7_wc16.a(GUI__Private.o)
    0x20000060   0x00000004   Data   RW         3874    .data               STemWin_CM7_wc16.a(LCD_Color.o)
    0x20000064   0x00000008   Data   RW         4090    .data               STemWin_CM7_wc16.a(GUI__Alpha.o)
    0x2000006c   0x00000018   Data   RW         4112    .data               STemWin_CM7_wc16.a(LCD_AA.o)
    0x20000084   0x00000001   Data   RW         4157    .data               STemWin_CM7_wc16.a(GUIDEV_StaticDevices.o)
    0x20000085   0x00000003   PAD
    0x20000088   0x00000834   Zero   RW           22    .bss                main.o
    0x200008bc   0x00000010   Zero   RW          422    .bss                mt48lc4m32b2.o
    0x200008cc   0x00025800   Zero   RW         3082    .bss                guiconf.o
    0x200260cc   0x00000188   Zero   RW         3116    .bss                lcdconf.o
    0x20026254   0x00000008   Zero   RW         3230    .bss                STemWin_CM7_wc16.a(GUICC_M8888I.o)
    0x2002625c   0x0000000c   Zero   RW         3239    .bss                STemWin_CM7_wc16.a(GUI_Alloc.o)
    0x20026268   0x000000a8   Zero   RW         3380    .bss                STemWin_CM7_wc16.a(GUI_Core.o)
    0x20026310   0x0000002c   Zero   RW         3455    .bss                STemWin_CM7_wc16.a(GUI_MULTIBUF.o)
    0x2002633c   0x00000008   Zero   RW         3516    .bss                STemWin_CM7_wc16.a(LCD_GetEx.o)
    0x20026344   0x00000060   Zero   RW         3793    .bss                STemWin_CM7_wc16.a(GUI_OnKey.o)
    0x200263a4   0x00000008   Zero   RW         3824    .bss                STemWin_CM7_wc16.a(GUI_WaitEvent.o)
    0x200263ac   0x0000000c   Zero   RW         3875    .bss                STemWin_CM7_wc16.a(LCD_Color.o)
    0x200263b8   0x00000030   Zero   RW         3961    .bss                STemWin_CM7_wc16.a(WM.o)
    0x200263e8   0x00000004   Zero   RW         4025    .bss                STemWin_CM7_wc16.a(WM__Private.o)
    0x200263ec   0x00000014   Zero   RW         4071    .bss                STemWin_CM7_wc16.a(GUI_Timer.o)
    0x20026400   0x00000020   Zero   RW         4091    .bss                STemWin_CM7_wc16.a(GUI__Alpha.o)
    0x20026420   0x00000018   Zero   RW         4105    .bss                STemWin_CM7_wc16.a(GUI__ManageCache.o)
    0x20026438   0x00000004   Zero   RW         4153    .bss                STemWin_CM7_wc16.a(GUIDEV_Banding.o)
    0x2002643c   0x00000004   Zero   RW         4789    GUI_AA__ClipX0      anon$$obj.o
    0x20026440   0x000000c0   Zero   RW         4775    GUI_ALLOC__Context  anon$$obj.o
    0x20026500   0x00000004   Zero   RW         4796    GUI_DCACHE__pfClearCacheHook  anon$$obj.o
    0x20026504   0x00000001   Zero   RW         4776    GUI_DecChar         anon$$obj.o
    0x20026505   0x00000001   PAD
    0x20026506   0x00000002   Zero   RW         4777    GUI_OrgX            anon$$obj.o
    0x20026508   0x00000002   Zero   RW         4778    GUI_OrgY            anon$$obj.o
    0x2002650a   0x00000002   PAD
    0x2002650c   0x00000004   Zero   RW         4788    GUI__BufferSize     anon$$obj.o
    0x20026510   0x00000001   Zero   RW         4792    GUI__IsInitialized  anon$$obj.o
    0x20026511   0x00000003   PAD
    0x20026514   0x00000004   Zero   RW         4794    GUI__LayerMask      anon$$obj.o
    0x20026518   0x00000001   Zero   RW         4793    GUI__NumLayersInUse  anon$$obj.o
    0x20026519   0x00000001   Zero   RW         4791    GUI__PreserveTrans  anon$$obj.o
    0x2002651a   0x00000002   Zero   RW         4790    GUI__aNumBuffers    anon$$obj.o
    0x2002651c   0x00000008   Zero   RW         4782    GUI__apDevice       anon$$obj.o
    0x20026524   0x00000004   Zero   RW         4795    GUI_pLCD_APIList    anon$$obj.o
    0x20026528   0x00000004   Zero   RW         4786    GUI_pUC_API         anon$$obj.o
    0x2002652c   0x00000004   Zero   RW         4784    GUI_pfDispCharLine  anon$$obj.o
    0x20026530   0x00000004   Zero   RW         4783    GUI_pfDispCharStyle  anon$$obj.o
    0x20026534   0x00000004   Zero   RW         4781    GUI_pfExecAnimations  anon$$obj.o
    0x20026538   0x00000004   Zero   RW         4779    GUI_pfTimerExec     anon$$obj.o
    0x2002653c   0x00000004   Zero   RW         4780    GUI_pfUpdateSoftLayer  anon$$obj.o
    0x20026540   0x00000004   Zero   RW         4812    LCD__aConvTable     anon$$obj.o
    0x20026544   0x00000004   PAD
    0x20026548   0x00004000   Zero   RW            1    STACK               startup_stm32f746xx.o
    0x2002a548   0x00000004   Zero   RW         4815    WM_MULTIBUF__pAPI   anon$$obj.o
    0x2002a54c   0x00000004   Zero   RW         4808    WM__CreateFlags     anon$$obj.o
    0x2002a550   0x00000004   Zero   RW         4801    WM__FirstWin        anon$$obj.o
    0x2002a554   0x00000004   Zero   RW         4821    WM__InvalidLayerMask  anon$$obj.o
    0x2002a558   0x00000002   Zero   RW         4805    WM__NumInvalidWindows  anon$$obj.o
    0x2002a55a   0x00000002   Zero   RW         4804    WM__NumWindows      anon$$obj.o
    0x2002a55c   0x00000001   Zero   RW         4822    WM__PaintCallbackCnt  anon$$obj.o
    0x2002a55d   0x00000003   PAD
    0x2002a560   0x00000004   Zero   RW         4800    WM__TouchedLayer    anon$$obj.o
    0x2002a564   0x00000004   Zero   RW         4814    WM__TransWindowCnt  anon$$obj.o
    0x2002a568   0x00000008   Zero   RW         4809    WM__aBkColor        anon$$obj.o
    0x2002a570   0x00000010   Zero   RW         4818    WM__aCHWinLast      anon$$obj.o
    0x2002a580   0x00000010   Zero   RW         4817    WM__aCHWinModal     anon$$obj.o
    0x2002a590   0x00000010   Zero   RW         4819    WM__aCHWinMouseOver  anon$$obj.o
    0x2002a5a0   0x00000008   Zero   RW         4807    WM__ahCapture       anon$$obj.o
    0x2002a5a8   0x00000008   Zero   RW         4803    WM__ahDesktopWin    anon$$obj.o
    0x2002a5b0   0x00000008   Zero   RW         4806    WM__ahWinFocus      anon$$obj.o
    0x2002a5b8   0x00000004   Zero   RW         4802    WM__hATransWindow   anon$$obj.o
    0x2002a5bc   0x00000004   Zero   RW         4820    WM__hCreateStatic   anon$$obj.o
    0x2002a5c0   0x00000004   Zero   RW         4816    WM__pExecGestures   anon$$obj.o
    0x2002a5c4   0x00000004   Zero   RW         4813    WM__pFirstCriticalHandle  anon$$obj.o
    0x2002a5c8   0x00000004   Zero   RW         4787    WM_pfHandlePID      anon$$obj.o
    0x2002a5cc   0x00000004   Zero   RW         4810    WM_pfPollPID        anon$$obj.o


==============================================================================

Image component sizes


      Code (inc. data)   RO Data    RW Data    ZI Data      Debug   Object Name

        38         10          0          4          0       1767   gui_x.o
        20          6          0          0     153600       1113   guiconf.o
      2564        178          0          4        392      13974   lcdconf.o
      1554        120          0          8       2100     884330   main.o
       180          8          0          1         16       1271   mt48lc4m32b2.o
        36          8        456          0      16384        864   startup_stm32f746xx.o
       174         30          0          9          0       9257   stm32f7xx_hal.o
       504         38          0          0          0      41877   stm32f7xx_hal_cortex.o
        96          0          0          0          0       1217   stm32f7xx_hal_dma2d.o
       548         52          0          0          0       2504   stm32f7xx_hal_gpio.o
      2124         18          0          0          0      13938   stm32f7xx_hal_ltdc.o
       326         32          0          8          0       2446   stm32f7xx_hal_msp.o
      1776         40          0          0          0       3916   stm32f7xx_hal_rcc.o
      1760         18          0          0          0       2256   stm32f7xx_hal_rcc_ex.o
       198          0          0          0          0       4120   stm32f7xx_hal_sdram.o
        96         24          0          0          0       5914   stm32f7xx_it.o
       324          4          0          0          0       3532   stm32f7xx_ll_fmc.o
       100         18         24          4          0       1239   system_stm32f7xx.o

    ----------------------------------------------------------------------
     12428        604        512         44     172896     995535   Object Totals
         0          0         32          0        391          0   (incl. Generated)
        10          0          0          6         13          0   (incl. Padding)

    ----------------------------------------------------------------------

      Code (inc. data)   RO Data    RW Data    ZI Data      Debug   Library Member Name

         0          0       5016          0          0          0   F24B_1.o
         0          0       4864          0          0          0   F24B_ASCII.o
         0          0       8112          0          0          0   F32B_1.o
         0          0       7848          0          0          0   F32B_ASCII.o
         0          0       1852          0          0          0   F6x8.o
       194          0         24          0          0          0   GUICC_0.o
        40          0         24          0          0          0   GUICC_8888.o
         2          0          0          0          0          0   GUICC_8888_Index2Color.o
         2          0          0          0          0          0   GUICC_888_Index2Color.o
       210          8         24          0          8          0   GUICC_M8888I.o
        28          0          0          0          0          0   GUICC_M8888I_Index2Color.o
       834         36          0          0          0          0   GUIDEV.o
      2556         52        116          0          0          0   GUIDEV_32.o
       348         12          0          0          4          0   GUIDEV_Banding.o
        64          4          0          0          0          0   GUIDEV_Clear.o
        32          0          0          0          0          0   GUIDEV_GetDataPtr.o
        48          4          0          0          0          0   GUIDEV_GetYSize.o
        44          4          0          0          0          0   GUIDEV_ReduceYSize.o
        88          4          0          0          0          0   GUIDEV_SetOrg.o
       384         24          0          1          0          0   GUIDEV_StaticDevices.o
        78          0          0          0          0          0   GUIDEV_Usage.o
       420          4         24          0          0          0   GUIDEV_UsageBM.o
       112          8          0          0          0          0   GUIDEV_Write.o
       388         12          0          0          0          0   GUIDEV_WriteToActiveAlpha.o
      1996          8          0          0          0          0   GUIDEV_WriteToActiveOpaque.o
      3150        160         52          0          0          0   GUIDRV_Lin_32.o
      1408         80          0          0         12          0   GUI_Alloc.o
        96         16          0          0          0          0   GUI_Char.o
       506         36          0          4          0          0   GUI_CharLine.o
       400          8          0          0          0          0   GUI_CharM.o
       338          8          0          0          0          0   GUI_CharP.o
       252          8          0          0          0          0   GUI_Circ.o
       734         88          0          7          0          0   GUI_Common.o
       956        136         23         16        168          0   GUI_Core.o
       332         24          0          0          0          0   GUI_Device.o
       348         12          0          0          0          0   GUI_DispString.o
        68          4          0          0          0          0   GUI_DrawLib.o
       364         44          0          0         44          0   GUI_MULTIBUF.o
        64         12          0          8         96          0   GUI_OnKey.o
        64          8          0          0          0          0   GUI_SelectLayer.o
        36          4          0          0          0          0   GUI_SetAlpha.o
        48          4          0          4          0          0   GUI_Time.o
       322         12          0          0         20          0   GUI_Timer.o
        76          8          0          0          0          0   GUI_UC.o
        18          0         16          0          0          0   GUI_UC_EncodeNone.o
        16          4          0          0          8          0   GUI_WaitEvent.o
       944         44          0          8         32          0   GUI__Alpha.o
       786          8          0          0          0          0   GUI__CompactPixelIndices.o
       380          8          0          0          0          0   GUI__ExpandPixelIndices.o
       236          8          0          0         24          0   GUI__ManageCache.o
       238          0          0          8          0          0   GUI__Private.o
      1720        108         12          4          0          0   LCD.o
        88         12          0         24          0          0   LCD_AA.o
       336         48          0          4         12          0   LCD_Color.o
        32          8          0          0          0          0   LCD_GetColorIndex.o
       480         40          0          0          8          0   LCD_GetEx.o
        30          0          0          0          0          0   LCD_GetNumDisplays.o
         0          0        256          0          0          0   LCD_Mirror.o
       516         16          0          0          0          0   LCD_ReadRect.o
        64          8          0          0          0          0   LCD_SelectLCD.o
       286          0          0          0          0          0   LCD_Set.o
        48          8          0          0          0          0   LCD_SetClipRectEx.o
        36          4          0          0          0          0   LCD_UpdateColorIndices.o
      5040        380          0          0         48          0   WM.o
       648         20          0          0          0          0   WM_Lib.o
       286          0          0          0          0          0   WM_Move.o
       112          0          0          0          0          0   WM_Timer.o
       442          8          0          0          4          0   WM__Private.o
         0          0          0          0          0          0   entry.o
         0          0          0          0          0          0   entry10a.o
         0          0          0          0          0          0   entry11a.o
         8          4          0          0          0          0   entry2.o
         4          0          0          0          0          0   entry5.o
         0          0          0          0          0          0   entry7b.o
         0          0          0          0          0          0   entry8b.o
         8          4          0          0          0          0   entry9a.o
        30          0          0          0          0          0   handlers.o
        36          8          0          0          0         68   init.o
        30          0          0          0          0         68   llshl.o
        32          0          0          0          0         68   llushr.o
        66          0          0          0          0         76   memmove.o
        36          0          0          0          0        108   memseta.o
       490         10          0          0          0        252   printf3.o
        44          0          0          0          0         80   uidiv.o
        98          0          0          0          0         92   uldiv.o

    ----------------------------------------------------------------------
     31168       1610      28264         92        488        812   Library Totals
        74          0          1          4          0          0   (incl. Padding)

    ----------------------------------------------------------------------

      Code (inc. data)   RO Data    RW Data    ZI Data      Debug   Library Name

     30212       1584      28263         88        488          0   STemWin_CM7_wc16.a
       882         26          0          0          0        812   mc_w.l

    ----------------------------------------------------------------------
     31168       1610      28264         92        488        812   Library Totals

    ----------------------------------------------------------------------

==============================================================================


      Code (inc. data)   RO Data    RW Data    ZI Data      Debug   

     43596       2214      28776        136     173384     987687   Grand Totals
     43596       2214      28776        136     173384     987687   ELF Image Totals
     43596       2214      28776        136          0          0   ROM Totals

==============================================================================

    Total RO  Size (Code + RO Data)                72372 (  70.68kB)
    Total RW  Size (RW Data + ZI Data)            173520 ( 169.45kB)
    Total ROM Size (Code + RO Data + RW Data)      72508 (  70.81kB)

==============================================================================

